Archive member included to satisfy reference by file (symbol)

.\CortexM0\ARM_GCC_541\Debug\PSoC CapSense_HexTouch.a(CyLib.o)
                              .\CortexM0\ARM_GCC_541\Debug\cyfitter_cfg.o (CyIntEnable)
.\CortexM0\ARM_GCC_541\Debug\PSoC CapSense_HexTouch.a(CyLFClk.o)
                              .\CortexM0\ARM_GCC_541\Debug\PSoC CapSense_HexTouch.a(CyLib.o) (CySysClkWcoEnabled)
.\CortexM0\ARM_GCC_541\Debug\PSoC CapSense_HexTouch.a(S3.o)
                              .\CortexM0\ARM_GCC_541\Debug\main.o (S3_Write)
.\CortexM0\ARM_GCC_541\Debug\PSoC CapSense_HexTouch.a(S2.o)
                              .\CortexM0\ARM_GCC_541\Debug\main.o (S2_Write)
.\CortexM0\ARM_GCC_541\Debug\PSoC CapSense_HexTouch.a(S1.o)
                              .\CortexM0\ARM_GCC_541\Debug\main.o (S1_Write)
.\CortexM0\ARM_GCC_541\Debug\PSoC CapSense_HexTouch.a(S0.o)
                              .\CortexM0\ARM_GCC_541\Debug\main.o (S0_Write)
.\CortexM0\ARM_GCC_541\Debug\PSoC CapSense_HexTouch.a(Pin_Green.o)
                              .\CortexM0\ARM_GCC_541\Debug\main.o (Pin_Green_Write)
.\CortexM0\ARM_GCC_541\Debug\PSoC CapSense_HexTouch.a(CTRL.o)
                              .\CortexM0\ARM_GCC_541\Debug\main.o (CTRL_Write)
.\CortexM0\ARM_GCC_541\Debug\PSoC CapSense_HexTouch.a(UART.o)
                              .\CortexM0\ARM_GCC_541\Debug\main.o (UART_Start)
.\CortexM0\ARM_GCC_541\Debug\PSoC CapSense_HexTouch.a(UART_SPI_UART.o)
                              .\CortexM0\ARM_GCC_541\Debug\main.o (UART_SpiUartReadRxData)
.\CortexM0\ARM_GCC_541\Debug\PSoC CapSense_HexTouch.a(UART_UART.o)
                              .\CortexM0\ARM_GCC_541\Debug\PSoC CapSense_HexTouch.a(UART.o) (UART_UartInit)
.\CortexM0\ARM_GCC_541\Debug\PSoC CapSense_HexTouch.a(Mux_CapSense_Control.o)
                              .\CortexM0\ARM_GCC_541\Debug\main.o (Mux_CapSense_Start)
.\CortexM0\ARM_GCC_541\Debug\PSoC CapSense_HexTouch.a(Mux_CapSense_Processing.o)
                              .\CortexM0\ARM_GCC_541\Debug\PSoC CapSense_HexTouch.a(Mux_CapSense_Control.o) (Mux_CapSense_DpInitialize)
.\CortexM0\ARM_GCC_541\Debug\PSoC CapSense_HexTouch.a(Mux_CapSense_Structure.o)
                              .\CortexM0\ARM_GCC_541\Debug\PSoC CapSense_HexTouch.a(Mux_CapSense_Control.o) (Mux_CapSense_DsInitialize)
.\CortexM0\ARM_GCC_541\Debug\PSoC CapSense_HexTouch.a(Mux_CapSense_Tuner.o)
                              .\CortexM0\ARM_GCC_541\Debug\PSoC CapSense_HexTouch.a(Mux_CapSense_Control.o) (Mux_CapSense_TuInitialize)
.\CortexM0\ARM_GCC_541\Debug\PSoC CapSense_HexTouch.a(Mux_CapSense_Filter.o)
                              .\CortexM0\ARM_GCC_541\Debug\PSoC CapSense_HexTouch.a(Mux_CapSense_Control.o) (Mux_CapSense_FtInitialize)
.\CortexM0\ARM_GCC_541\Debug\PSoC CapSense_HexTouch.a(Mux_CapSense_Sensing.o)
                              .\CortexM0\ARM_GCC_541\Debug\main.o (Mux_CapSense_IsBusy)
.\CortexM0\ARM_GCC_541\Debug\PSoC CapSense_HexTouch.a(Mux_CapSense_SensingCSD_LL.o)
                              .\CortexM0\ARM_GCC_541\Debug\PSoC CapSense_HexTouch.a(Mux_CapSense_Sensing.o) (Mux_CapSense_SsCSDInitialize)
.\CortexM0\ARM_GCC_541\Debug\PSoC CapSense_HexTouch.a(EZI2C.o)
                              .\CortexM0\ARM_GCC_541\Debug\main.o (EZI2C_Start)
.\CortexM0\ARM_GCC_541\Debug\PSoC CapSense_HexTouch.a(EZI2C_EZI2C.o)
                              .\CortexM0\ARM_GCC_541\Debug\PSoC CapSense_HexTouch.a(EZI2C.o) (EZI2C_EzI2CInit)
.\CortexM0\ARM_GCC_541\Debug\PSoC CapSense_HexTouch.a(EZI2C_EZI2C_INT.o)
                              .\CortexM0\ARM_GCC_541\Debug\PSoC CapSense_HexTouch.a(EZI2C_EZI2C.o) (EZI2C_EZI2C_STRETCH_ISR)
.\CortexM0\ARM_GCC_541\Debug\PSoC CapSense_HexTouch.a(Mux_CapSense_ISR.o)
                              .\CortexM0\ARM_GCC_541\Debug\PSoC CapSense_HexTouch.a(Mux_CapSense_Sensing.o) (Mux_CapSense_ISR_StartEx)
.\CortexM0\ARM_GCC_541\Debug\PSoC CapSense_HexTouch.a(Counter_micros.o)
                              .\CortexM0\ARM_GCC_541\Debug\main.o (Counter_micros_ReadCounter)
.\CortexM0\ARM_GCC_541\Debug\PSoC CapSense_HexTouch.a(CyBootAsmGnu.o)
                              .\CortexM0\ARM_GCC_541\Debug\PSoC CapSense_HexTouch.a(CyLib.o) (CyDelayCycles)
.\CortexM0\ARM_GCC_541\Debug\PSoC CapSense_HexTouch.a(CyFlash.o)
                              .\CortexM0\ARM_GCC_541\Debug\PSoC CapSense_HexTouch.a(CyLib.o) (CySysFlashSetWaitCycles)
.\CortexM0\ARM_GCC_541\Debug\PSoC CapSense_HexTouch.a(Mux_CapSense_INT.o)
                              .\CortexM0\ARM_GCC_541\Debug\PSoC CapSense_HexTouch.a(Mux_CapSense_SensingCSD_LL.o) (Mux_CapSense_CSDPostSingleScan)
c:/program files (x86)/cypress/psoc creator/4.4/psoc creator/import/gnu/arm/5.4.1/bin/../lib/gcc/arm-none-eabi/5.4.1/armv6-m\libgcc.a(_udivsi3.o)
                              .\CortexM0\ARM_GCC_541\Debug\PSoC CapSense_HexTouch.a(CyLib.o) (__aeabi_uidiv)
[...]
Memory Configuration

Name             Origin             Length             Attributes
rom              0x00000000         0x00020000         xr
ram              0x20000000         0x00004000         xrw
*default*        0x00000000         0xffffffff

Linker script and memory map

LOAD c:/program files (x86)/cypress/psoc creator/4.4/psoc creator/import/gnu/arm/5.4.1/bin/../lib/gcc/arm-none-eabi/5.4.1/armv6-m/crti.o
LOAD c:/program files (x86)/cypress/psoc creator/4.4/psoc creator/import/gnu/arm/5.4.1/bin/../lib/gcc/arm-none-eabi/5.4.1/armv6-m/crtbegin.o
LOAD c:/program files (x86)/cypress/psoc creator/4.4/psoc creator/import/gnu/arm/5.4.1/bin/../lib/gcc/arm-none-eabi/5.4.1/../../../../arm-none-eabi/lib/armv6-m/crt0.o
START GROUP
LOAD .\CortexM0\ARM_GCC_541\Debug\main.o
LOAD .\CortexM0\ARM_GCC_541\Debug\cyfitter_cfg.o
LOAD .\CortexM0\ARM_GCC_541\Debug\cymetadata.o
LOAD .\CortexM0\ARM_GCC_541\Debug\Cm0Start.o
LOAD .\CortexM0\ARM_GCC_541\Debug\PSoC CapSense_HexTouch.a
LOAD ..\..\4.4\Downloads ( 4.4).cylib\CapSense_P4_v7_10\PSoC4\Library\Capsense_P4Library_GCC.a
END GROUP
START GROUP
LOAD c:/program files (x86)/cypress/psoc creator/4.4/psoc creator/import/gnu/arm/5.4.1/bin/../lib/gcc/arm-none-eabi/5.4.1/armv6-m\libgcc.a
LOAD c:/program files (x86)/cypress/psoc creator/4.4/psoc creator/import/gnu/arm/5.4.1/bin/../lib/gcc/arm-none-eabi/5.4.1/../../../../arm-none-eabi/lib/armv6-m\libg_nano.a
LOAD c:/program files (x86)/cypress/psoc creator/4.4/psoc creator/import/gnu/arm/5.4.1/bin/../lib/gcc/arm-none-eabi/5.4.1/../../../../arm-none-eabi/lib/armv6-m\libc_nano.a
END GROUP
START GROUP
LOAD c:/program files (x86)/cypress/psoc creator/4.4/psoc creator/import/gnu/arm/5.4.1/bin/../lib/gcc/arm-none-eabi/5.4.1/armv6-m\libgcc.a
LOAD c:/program files (x86)/cypress/psoc creator/4.4/psoc creator/import/gnu/arm/5.4.1/bin/../lib/gcc/arm-none-eabi/5.4.1/../../../../arm-none-eabi/lib/armv6-m\libc_nano.a
END GROUP
LOAD c:/program files (x86)/cypress/psoc creator/4.4/psoc creator/import/gnu/arm/5.4.1/bin/../lib/gcc/arm-none-eabi/5.4.1/armv6-m/crtend.o
LOAD c:/program files (x86)/cypress/psoc creator/4.4/psoc creator/import/gnu/arm/5.4.1/bin/../lib/gcc/arm-none-eabi/5.4.1/armv6-m/crtn.o
START GROUP
LOAD c:/program files (x86)/cypress/psoc creator/4.4/psoc creator/import/gnu/arm/5.4.1/bin/../lib/gcc/arm-none-eabi/5.4.1/armv6-m\libgcc.a
LOAD c:/program files (x86)/cypress/psoc creator/4.4/psoc creator/import/gnu/arm/5.4.1/bin/../lib/gcc/arm-none-eabi/5.4.1/../../../../arm-none-eabi/lib/armv6-m\libc.a
LOAD c:/program files (x86)/cypress/psoc creator/4.4/psoc creator/import/gnu/arm/5.4.1/bin/../lib/gcc/arm-none-eabi/5.4.1/../../../../arm-none-eabi/lib/armv6-m\libnosys.a
END GROUP
                0x00000000                CY_APPL_ORIGIN = 0x0
                0x00000080                CY_FLASH_ROW_SIZE = 0x80
                0x00000001                CY_APPL_NUM = 0x1
                0x00000001                CY_APPL_MAX = 0x1
                0x00000040                CY_METADATA_SIZE = 0x40
                0x00000000                CY_APPL_LOADABLE = 0x0
                0x00000000                CY_CHECKSUM_EXCLUDE_SIZE = ALIGN (0x0, CY_FLASH_ROW_SIZE)
                0x00000000                CY_APP_FOR_STACK_AND_COPIER = 0x0
                [!provide]                PROVIDE (__cy_heap_start, _end)
                0x00000001                PROVIDE (__cy_region_num, ((__cy_regions_end - __cy_regions) / 0x10))
                0x20004000                PROVIDE (__cy_stack, (ORIGIN (ram) + LENGTH (ram)))
                [!provide]                PROVIDE (__cy_heap_end, (__cy_stack - 0x800))

.cybootloader   0x00000000        0x0
 *(.cybootloader)
                0x00000000                appl1_start = CY_APPL_ORIGIN?CY_APPL_ORIGIN:ALIGN (CY_FLASH_ROW_SIZE)
                0x0000ff80                appl2_start = (appl1_start + ALIGN ((((LENGTH (rom) - appl1_start) - (0x2 * CY_FLASH_ROW_SIZE)) / 0x2), CY_FLASH_ROW_SIZE))
                0x00000000                appl_start = (CY_APPL_NUM == 0x1)?appl1_start:appl2_start
                0x00000001                cy_project_type_bootloader = (appl_start == 0x0)?0x1:0x0
                0x00000000                cy_project_type_app_for_stack_and_copier = (CY_APP_FOR_STACK_AND_COPIER == 0x1)?0x1:0x0

.text           0x00000000     0x3836
 CREATE_OBJECT_SYMBOLS
                0x00000000                PROVIDE (__cy_interrupt_vector, RomVectors)
 *(.romvectors)
 .romvectors    0x00000000       0x10 .\CortexM0\ARM_GCC_541\Debug\Cm0Start.o
                0x00000000                RomVectors
                0x00000001                ASSERT ((. != __cy_interrupt_vector), No interrupt vector)
                0x00000001                ASSERT (CY_APPL_ORIGIN?(SIZEOF (.cybootloader) <= CY_APPL_ORIGIN):0x1, Wrong image location)
                0x00000010                PROVIDE (__cy_reset, Reset)
 *(.text.Reset)
 .text.Reset    0x00000010        0x8 .\CortexM0\ARM_GCC_541\Debug\Cm0Start.o
                0x00000010                Reset
                0x00000001                ASSERT ((. != __cy_reset), No reset code)
 *(.psocinit)
 .psocinit      0x00000018      0x2e4 .\CortexM0\ARM_GCC_541\Debug\cyfitter_cfg.o
                0x00000140                cyfitter_cfg
                0x000002fc                . = MAX (., 0x100)
 *(.text .text.* .gnu.linkonce.t.*)
 .text          0x000002fc       0x60 c:/program files (x86)/cypress/psoc creator/4.4/psoc creator/import/gnu/arm/5.4.1/bin/../lib/gcc/arm-none-eabi/5.4.1/armv6-m/crtbegin.o
 .text.setmux   0x0000035c      0x1b4 .\CortexM0\ARM_GCC_541\Debug\main.o
                0x0000035c                setmux
 .text.delay    0x00000510        0x8 .\CortexM0\ARM_GCC_541\Debug\main.o
                0x00000510                delay
 .text.switchTo
                0x00000518       0x2c .\CortexM0\ARM_GCC_541\Debug\main.o
                0x00000518                switchTo
 .text.sendCmd  0x00000544       0xb4 .\CortexM0\ARM_GCC_541\Debug\main.o
                0x00000544                sendCmd
 .text.ble_status
                0x000005f8       0x58 .\CortexM0\ARM_GCC_541\Debug\main.o
                0x000005f8                ble_status
 .text.ble_OFF  0x00000650       0x74 .\CortexM0\ARM_GCC_541\Debug\main.o
                0x00000650                ble_OFF
 .text.bleON_host
                0x000006c4       0x74 .\CortexM0\ARM_GCC_541\Debug\main.o
                0x000006c4                bleON_host
 .text.ble_connect
                0x00000738       0x40 .\CortexM0\ARM_GCC_541\Debug\main.o
                0x00000738                ble_connect
 .text.ble_disconnect
                0x00000778       0x88 .\CortexM0\ARM_GCC_541\Debug\main.o
                0x00000778                ble_disconnect
 .text.ble_sendData
                0x00000800       0x40 .\CortexM0\ARM_GCC_541\Debug\main.o
                0x00000800                ble_sendData
 .text.main     0x00000840      0x218 .\CortexM0\ARM_GCC_541\Debug\main.o
                0x00000840                main
 .text.cfg_write_bytes32
                0x00000a58       0x34 .\CortexM0\ARM_GCC_541\Debug\cyfitter_cfg.o
 .text.CYMEMZERO
                0x00000a8c        0xc .\CortexM0\ARM_GCC_541\Debug\cyfitter_cfg.o
 .text.SetAnalogRoutingPumps
                0x00000a98       0x40 .\CortexM0\ARM_GCC_541\Debug\cyfitter_cfg.o
                0x00000a98                SetAnalogRoutingPumps
 .text.AnalogSetDefault
                0x00000ad8       0x30 .\CortexM0\ARM_GCC_541\Debug\cyfitter_cfg.o
 .text.IntDefaultHandler
                0x00000b08       0x10 .\CortexM0\ARM_GCC_541\Debug\Cm0Start.o
                0x00000b08                IntDefaultHandler
 .text._sbrk    0x00000b18       0x34 .\CortexM0\ARM_GCC_541\Debug\Cm0Start.o
                0x00000b18                _sbrk
 .text.Start_c  0x00000b4c       0x48 .\CortexM0\ARM_GCC_541\Debug\Cm0Start.o
                0x00000b4c                Start_c
 .text.initialize_psoc
                0x00000b94       0x4c .\CortexM0\ARM_GCC_541\Debug\Cm0Start.o
                0x00000b94                initialize_psoc
 .text.CySysClkImoDisableWcoLock
                0x00000be0       0x54 .\CortexM0\ARM_GCC_541\Debug\PSoC CapSense_HexTouch.a(CyLib.o)
                0x00000be0                CySysClkImoDisableWcoLock
 .text.CySysClkImoGetWcoLock
                0x00000c34       0x14 .\CortexM0\ARM_GCC_541\Debug\PSoC CapSense_HexTouch.a(CyLib.o)
                0x00000c34                CySysClkImoGetWcoLock
 .text.CyIntEnable
                0x00000c48       0x14 .\CortexM0\ARM_GCC_541\Debug\PSoC CapSense_HexTouch.a(CyLib.o)
                0x00000c48                CyIntEnable
 .text.CyIntDisable
                0x00000c5c       0x14 .\CortexM0\ARM_GCC_541\Debug\PSoC CapSense_HexTouch.a(CyLib.o)
                0x00000c5c                CyIntDisable
 .text.CyHalt   0x00000c70        0x4 .\CortexM0\ARM_GCC_541\Debug\PSoC CapSense_HexTouch.a(CyLib.o)
                0x00000c70                CyHalt
 .text.CyIntSetVector
                0x00000c74       0x24 .\CortexM0\ARM_GCC_541\Debug\PSoC CapSense_HexTouch.a(CyLib.o)
                0x00000c74                CyIntSetVector
 .text.CyIntSetPriority
                0x00000c98       0x4c .\CortexM0\ARM_GCC_541\Debug\PSoC CapSense_HexTouch.a(CyLib.o)
                0x00000c98                CyIntSetPriority
 .text.CyDelay  0x00000ce4       0x30 .\CortexM0\ARM_GCC_541\Debug\PSoC CapSense_HexTouch.a(CyLib.o)
                0x00000ce4                CyDelay
 .text.CySysClkImoEnableWcoLock
                0x00000d14       0xf4 .\CortexM0\ARM_GCC_541\Debug\PSoC CapSense_HexTouch.a(CyLib.o)
                0x00000d14                CySysClkImoEnableWcoLock
 .text.CySysClkWriteImoFreq
                0x00000e08       0x80 .\CortexM0\ARM_GCC_541\Debug\PSoC CapSense_HexTouch.a(CyLib.o)
                0x00000e08                CySysClkWriteImoFreq
 .text.CySysWdtLocked
                0x00000e88       0x14 .\CortexM0\ARM_GCC_541\Debug\PSoC CapSense_HexTouch.a(CyLFClk.o)
 .text.CySysClkWcoEnabled
                0x00000e9c       0x14 .\CortexM0\ARM_GCC_541\Debug\PSoC CapSense_HexTouch.a(CyLFClk.o)
                0x00000e9c                CySysClkWcoEnabled
 .text.CySysWdtLock
                0x00000eb0       0x1c .\CortexM0\ARM_GCC_541\Debug\PSoC CapSense_HexTouch.a(CyLFClk.o)
                0x00000eb0                CySysWdtLock
 .text.CySysWdtUnlock
                0x00000ecc       0x30 .\CortexM0\ARM_GCC_541\Debug\PSoC CapSense_HexTouch.a(CyLFClk.o)
                0x00000ecc                CySysWdtUnlock
 .text.CySysWdtClearInterrupt
                0x00000efc       0x4c .\CortexM0\ARM_GCC_541\Debug\PSoC CapSense_HexTouch.a(CyLFClk.o)
                0x00000efc                CySysWdtClearInterrupt
 .text.CySysWdtIsr
                0x00000f48       0xa4 .\CortexM0\ARM_GCC_541\Debug\PSoC CapSense_HexTouch.a(CyLFClk.o)
                0x00000f48                CySysWdtIsr
 .text.S3_Write
                0x00000fec       0x18 .\CortexM0\ARM_GCC_541\Debug\PSoC CapSense_HexTouch.a(S3.o)
                0x00000fec                S3_Write
 .text.S2_Write
                0x00001004       0x18 .\CortexM0\ARM_GCC_541\Debug\PSoC CapSense_HexTouch.a(S2.o)
                0x00001004                S2_Write
 .text.S1_Write
                0x0000101c       0x18 .\CortexM0\ARM_GCC_541\Debug\PSoC CapSense_HexTouch.a(S1.o)
                0x0000101c                S1_Write
 .text.S0_Write
                0x00001034       0x18 .\CortexM0\ARM_GCC_541\Debug\PSoC CapSense_HexTouch.a(S0.o)
                0x00001034                S0_Write
 .text.Pin_Green_Write
                0x0000104c       0x18 .\CortexM0\ARM_GCC_541\Debug\PSoC CapSense_HexTouch.a(Pin_Green.o)
                0x0000104c                Pin_Green_Write
 .text.CTRL_Write
                0x00001064       0x18 .\CortexM0\ARM_GCC_541\Debug\PSoC CapSense_HexTouch.a(CTRL.o)
                0x00001064                CTRL_Write
 .text.UART_ScbModePostEnable
                0x0000107c        0x8 .\CortexM0\ARM_GCC_541\Debug\PSoC CapSense_HexTouch.a(UART.o)
 .text.UART_Init
                0x00001084        0x8 .\CortexM0\ARM_GCC_541\Debug\PSoC CapSense_HexTouch.a(UART.o)
                0x00001084                UART_Init
 .text.UART_Enable
                0x0000108c       0x18 .\CortexM0\ARM_GCC_541\Debug\PSoC CapSense_HexTouch.a(UART.o)
                0x0000108c                UART_Enable
 .text.UART_Start
                0x000010a4       0x20 .\CortexM0\ARM_GCC_541\Debug\PSoC CapSense_HexTouch.a(UART.o)
                0x000010a4                UART_Start
 .text.UART_SpiUartReadRxData
                0x000010c4        0xc .\CortexM0\ARM_GCC_541\Debug\PSoC CapSense_HexTouch.a(UART_SPI_UART.o)
                0x000010c4                UART_SpiUartReadRxData
 .text.UART_SpiUartGetRxBufferSize
                0x000010d0       0x10 .\CortexM0\ARM_GCC_541\Debug\PSoC CapSense_HexTouch.a(UART_SPI_UART.o)
                0x000010d0                UART_SpiUartGetRxBufferSize
 .text.UART_SpiUartClearRxBuffer
                0x000010e0       0x20 .\CortexM0\ARM_GCC_541\Debug\PSoC CapSense_HexTouch.a(UART_SPI_UART.o)
                0x000010e0                UART_SpiUartClearRxBuffer
 .text.UART_SpiUartWriteTxData
                0x00001100       0x1c .\CortexM0\ARM_GCC_541\Debug\PSoC CapSense_HexTouch.a(UART_SPI_UART.o)
                0x00001100                UART_SpiUartWriteTxData
 .text.UART_SpiUartGetTxBufferSize
                0x0000111c       0x10 .\CortexM0\ARM_GCC_541\Debug\PSoC CapSense_HexTouch.a(UART_SPI_UART.o)
                0x0000111c                UART_SpiUartGetTxBufferSize
 .text.UART_SpiUartClearTxBuffer
                0x0000112c       0x20 .\CortexM0\ARM_GCC_541\Debug\PSoC CapSense_HexTouch.a(UART_SPI_UART.o)
                0x0000112c                UART_SpiUartClearTxBuffer
 .text.UART_UartInit
                0x0000114c       0xa8 .\CortexM0\ARM_GCC_541\Debug\PSoC CapSense_HexTouch.a(UART_UART.o)
                0x0000114c                UART_UartInit
 .text.UART_UartPostEnable
                0x000011f4       0x24 .\CortexM0\ARM_GCC_541\Debug\PSoC CapSense_HexTouch.a(UART_UART.o)
                0x000011f4                UART_UartPostEnable
 .text.UART_UartPutString
                0x00001218       0x18 .\CortexM0\ARM_GCC_541\Debug\PSoC CapSense_HexTouch.a(UART_UART.o)
                0x00001218                UART_UartPutString
 .text.Mux_CapSense_Initialize
                0x00001230       0x28 .\CortexM0\ARM_GCC_541\Debug\PSoC CapSense_HexTouch.a(Mux_CapSense_Control.o)
                0x00001230                Mux_CapSense_Initialize
 .text.Mux_CapSense_Start
                0x00001258       0x48 .\CortexM0\ARM_GCC_541\Debug\PSoC CapSense_HexTouch.a(Mux_CapSense_Control.o)
                0x00001258                Mux_CapSense_Start
 .text.Mux_CapSense_ProcessAllWidgets
                0x000012a0       0x44 .\CortexM0\ARM_GCC_541\Debug\PSoC CapSense_HexTouch.a(Mux_CapSense_Control.o)
                0x000012a0                Mux_CapSense_ProcessAllWidgets
 .text.Mux_CapSense_DpInitialize
                0x000012e4       0x60 .\CortexM0\ARM_GCC_541\Debug\PSoC CapSense_HexTouch.a(Mux_CapSense_Processing.o)
                0x000012e4                Mux_CapSense_DpInitialize
 .text.Mux_CapSense_DpUpdateDifferences
                0x00001344       0x18 .\CortexM0\ARM_GCC_541\Debug\PSoC CapSense_HexTouch.a(Mux_CapSense_Processing.o)
                0x00001344                Mux_CapSense_DpUpdateDifferences
 .text.Mux_CapSense_DpProcessCsdWidgetRawCounts
                0x0000135c       0x3c .\CortexM0\ARM_GCC_541\Debug\PSoC CapSense_HexTouch.a(Mux_CapSense_Processing.o)
                0x0000135c                Mux_CapSense_DpProcessCsdWidgetRawCounts
 .text.Mux_CapSense_DpProcessCsdMatrix
                0x00001398      0x114 .\CortexM0\ARM_GCC_541\Debug\PSoC CapSense_HexTouch.a(Mux_CapSense_Processing.o)
                0x00001398                Mux_CapSense_DpProcessCsdMatrix
 .text.Mux_CapSense_DpProcessCsdWidgetStatus
                0x000014ac       0x58 .\CortexM0\ARM_GCC_541\Debug\PSoC CapSense_HexTouch.a(Mux_CapSense_Processing.o)
                0x000014ac                Mux_CapSense_DpProcessCsdWidgetStatus
 .text.Mux_CapSense_DsInitialize
                0x00001504       0x6c .\CortexM0\ARM_GCC_541\Debug\PSoC CapSense_HexTouch.a(Mux_CapSense_Structure.o)
                0x00001504                Mux_CapSense_DsInitialize
 .text.Mux_CapSense_IsSensorActive
                0x00001570       0x30 .\CortexM0\ARM_GCC_541\Debug\PSoC CapSense_HexTouch.a(Mux_CapSense_Structure.o)
                0x00001570                Mux_CapSense_IsSensorActive
 .text.Mux_CapSense_TuInitialize
                0x000015a0       0x14 .\CortexM0\ARM_GCC_541\Debug\PSoC CapSense_HexTouch.a(Mux_CapSense_Tuner.o)
                0x000015a0                Mux_CapSense_TuInitialize
 .text.Mux_CapSense_RunTuner
                0x000015b4      0x110 .\CortexM0\ARM_GCC_541\Debug\PSoC CapSense_HexTouch.a(Mux_CapSense_Tuner.o)
                0x000015b4                Mux_CapSense_RunTuner
 .text.Mux_CapSense_FtInitialize
                0x000016c4        0x4 .\CortexM0\ARM_GCC_541\Debug\PSoC CapSense_HexTouch.a(Mux_CapSense_Filter.o)
                0x000016c4                Mux_CapSense_FtInitialize
 .text.Mux_CapSense_FtInitializeBaselineChannel
                0x000016c8       0x20 .\CortexM0\ARM_GCC_541\Debug\PSoC CapSense_HexTouch.a(Mux_CapSense_Filter.o)
                0x000016c8                Mux_CapSense_FtInitializeBaselineChannel
 .text.Mux_CapSense_FtInitializeBaseline
                0x000016e8       0x20 .\CortexM0\ARM_GCC_541\Debug\PSoC CapSense_HexTouch.a(Mux_CapSense_Filter.o)
                0x000016e8                Mux_CapSense_FtInitializeBaseline
 .text.Mux_CapSense_InitializeSensorBaseline
                0x00001708       0x20 .\CortexM0\ARM_GCC_541\Debug\PSoC CapSense_HexTouch.a(Mux_CapSense_Filter.o)
                0x00001708                Mux_CapSense_InitializeSensorBaseline
 .text.Mux_CapSense_InitializeWidgetBaseline
                0x00001728       0x24 .\CortexM0\ARM_GCC_541\Debug\PSoC CapSense_HexTouch.a(Mux_CapSense_Filter.o)
                0x00001728                Mux_CapSense_InitializeWidgetBaseline
 .text.Mux_CapSense_InitializeAllBaselines
                0x0000174c       0x18 .\CortexM0\ARM_GCC_541\Debug\PSoC CapSense_HexTouch.a(Mux_CapSense_Filter.o)
                0x0000174c                Mux_CapSense_InitializeAllBaselines
 .text.Mux_CapSense_FtIIR1stOrder
                0x00001764       0x14 .\CortexM0\ARM_GCC_541\Debug\PSoC CapSense_HexTouch.a(Mux_CapSense_Filter.o)
                0x00001764                Mux_CapSense_FtIIR1stOrder
 .text.Mux_CapSense_FtUpdateBaseline
                0x00001778       0xa0 .\CortexM0\ARM_GCC_541\Debug\PSoC CapSense_HexTouch.a(Mux_CapSense_Filter.o)
                0x00001778                Mux_CapSense_FtUpdateBaseline
 .text.Mux_CapSense_SsTrimIdacsSourcing
                0x00001818       0x2c .\CortexM0\ARM_GCC_541\Debug\PSoC CapSense_HexTouch.a(Mux_CapSense_Sensing.o)
 .text.Mux_CapSense_SsTrimIdacs
                0x00001844        0x8 .\CortexM0\ARM_GCC_541\Debug\PSoC CapSense_HexTouch.a(Mux_CapSense_Sensing.o)
 .text.Mux_CapSense_IsBusy
                0x0000184c       0x10 .\CortexM0\ARM_GCC_541\Debug\PSoC CapSense_HexTouch.a(Mux_CapSense_Sensing.o)
                0x0000184c                Mux_CapSense_IsBusy
 .text.Mux_CapSense_SetupWidget
                0x0000185c       0x40 .\CortexM0\ARM_GCC_541\Debug\PSoC CapSense_HexTouch.a(Mux_CapSense_Sensing.o)
                0x0000185c                Mux_CapSense_SetupWidget
 .text.Mux_CapSense_Scan
                0x0000189c       0x2c .\CortexM0\ARM_GCC_541\Debug\PSoC CapSense_HexTouch.a(Mux_CapSense_Sensing.o)
                0x0000189c                Mux_CapSense_Scan
 .text.Mux_CapSense_ScanAllWidgets
                0x000018c8       0x3c .\CortexM0\ARM_GCC_541\Debug\PSoC CapSense_HexTouch.a(Mux_CapSense_Sensing.o)
                0x000018c8                Mux_CapSense_ScanAllWidgets
 .text.Mux_CapSense_SsSetAllIOsState
                0x00001904       0x80 .\CortexM0\ARM_GCC_541\Debug\PSoC CapSense_HexTouch.a(Mux_CapSense_Sensing.o)
                0x00001904                Mux_CapSense_SsSetAllIOsState
 .text.Mux_CapSense_SsPostAllWidgetsScan
                0x00001984        0x4 .\CortexM0\ARM_GCC_541\Debug\PSoC CapSense_HexTouch.a(Mux_CapSense_Sensing.o)
                0x00001984                Mux_CapSense_SsPostAllWidgetsScan
 .text.Mux_CapSense_SsSetModClkClockDivider
                0x00001988       0x30 .\CortexM0\ARM_GCC_541\Debug\PSoC CapSense_HexTouch.a(Mux_CapSense_Sensing.o)
                0x00001988                Mux_CapSense_SsSetModClkClockDivider
 .text.Mux_CapSense_SsSetSnsClockDivider
                0x000019b8       0x30 .\CortexM0\ARM_GCC_541\Debug\PSoC CapSense_HexTouch.a(Mux_CapSense_Sensing.o)
                0x000019b8                Mux_CapSense_SsSetSnsClockDivider
 .text.Mux_CapSense_CalibrateWidget
                0x000019e8       0x1c .\CortexM0\ARM_GCC_541\Debug\PSoC CapSense_HexTouch.a(Mux_CapSense_Sensing.o)
                0x000019e8                Mux_CapSense_CalibrateWidget
 .text.Mux_CapSense_CalibrateAllWidgets
                0x00001a04       0x1c .\CortexM0\ARM_GCC_541\Debug\PSoC CapSense_HexTouch.a(Mux_CapSense_Sensing.o)
                0x00001a04                Mux_CapSense_CalibrateAllWidgets
 .text.Mux_CapSense_SsCSDGetColSnsClkDivider
                0x00001a20       0x10 .\CortexM0\ARM_GCC_541\Debug\PSoC CapSense_HexTouch.a(Mux_CapSense_Sensing.o)
                0x00001a20                Mux_CapSense_SsCSDGetColSnsClkDivider
 .text.Mux_CapSense_SsCSDGetRowSnsClkDivider
                0x00001a30       0x10 .\CortexM0\ARM_GCC_541\Debug\PSoC CapSense_HexTouch.a(Mux_CapSense_Sensing.o)
                0x00001a30                Mux_CapSense_SsCSDGetRowSnsClkDivider
 .text.Mux_CapSense_SsCSDCalcPrsSize
                0x00001a40       0x34 .\CortexM0\ARM_GCC_541\Debug\PSoC CapSense_HexTouch.a(Mux_CapSense_Sensing.o)
                0x00001a40                Mux_CapSense_SsCSDCalcPrsSize
 .text.Mux_CapSense_SsSetWidgetSenseClkSrc
                0x00001a74       0x3c .\CortexM0\ARM_GCC_541\Debug\PSoC CapSense_HexTouch.a(Mux_CapSense_Sensing.o)
 .text.Mux_CapSense_SsInitializeSourceSenseClk
                0x00001ab0       0x20 .\CortexM0\ARM_GCC_541\Debug\PSoC CapSense_HexTouch.a(Mux_CapSense_Sensing.o)
                0x00001ab0                Mux_CapSense_SsInitializeSourceSenseClk
 .text.Mux_CapSense_WriteBitsSafe
                0x00001ad0       0x1c .\CortexM0\ARM_GCC_541\Debug\PSoC CapSense_HexTouch.a(Mux_CapSense_Sensing.o)
                0x00001ad0                Mux_CapSense_WriteBitsSafe
 .text.Mux_CapSense_SsCSDDisableMode
                0x00001aec       0x18 .\CortexM0\ARM_GCC_541\Debug\PSoC CapSense_HexTouch.a(Mux_CapSense_Sensing.o)
 .text.Mux_CapSense_SsSwitchSensingMode
                0x00001b04       0x3c .\CortexM0\ARM_GCC_541\Debug\PSoC CapSense_HexTouch.a(Mux_CapSense_Sensing.o)
                0x00001b04                Mux_CapSense_SsSwitchSensingMode
 .text.Mux_CapSense_SsInitialize
                0x00001b40       0x2c .\CortexM0\ARM_GCC_541\Debug\PSoC CapSense_HexTouch.a(Mux_CapSense_Sensing.o)
                0x00001b40                Mux_CapSense_SsInitialize
 .text.Mux_CapSense_SsCSDConfigIDACs
                0x00001b6c       0x10 .\CortexM0\ARM_GCC_541\Debug\PSoC CapSense_HexTouch.a(Mux_CapSense_SensingCSD_LL.o)
 .text.Mux_CapSense_SsCSDCalibrateCheck
                0x00001b7c       0x98 .\CortexM0\ARM_GCC_541\Debug\PSoC CapSense_HexTouch.a(Mux_CapSense_SensingCSD_LL.o)
 .text.Mux_CapSense_SsCSDSwitchIdacGain
                0x00001c14       0xbc .\CortexM0\ARM_GCC_541\Debug\PSoC CapSense_HexTouch.a(Mux_CapSense_SensingCSD_LL.o)
 .text.Mux_CapSense_SsCSDNormalizeIdac
                0x00001cd0      0x18c .\CortexM0\ARM_GCC_541\Debug\PSoC CapSense_HexTouch.a(Mux_CapSense_SensingCSD_LL.o)
 .text.Mux_CapSense_SsCSDSetModeSnsClockDivider
                0x00001e5c       0x1c .\CortexM0\ARM_GCC_541\Debug\PSoC CapSense_HexTouch.a(Mux_CapSense_SensingCSD_LL.o)
 .text.Mux_CapSense_SsCSDInitialize
                0x00001e78       0x50 .\CortexM0\ARM_GCC_541\Debug\PSoC CapSense_HexTouch.a(Mux_CapSense_SensingCSD_LL.o)
                0x00001e78                Mux_CapSense_SsCSDInitialize
 .text.Mux_CapSense_SsCSDSetUpIdacs
                0x00001ec8       0x78 .\CortexM0\ARM_GCC_541\Debug\PSoC CapSense_HexTouch.a(Mux_CapSense_SensingCSD_LL.o)
                0x00001ec8                Mux_CapSense_SsCSDSetUpIdacs
 .text.Mux_CapSense_SsCSDConfigClock
                0x00001f40       0x54 .\CortexM0\ARM_GCC_541\Debug\PSoC CapSense_HexTouch.a(Mux_CapSense_SensingCSD_LL.o)
                0x00001f40                Mux_CapSense_SsCSDConfigClock
 .text.Mux_CapSense_SsCSDCalculateScanDuration
                0x00001f94       0x14 .\CortexM0\ARM_GCC_541\Debug\PSoC CapSense_HexTouch.a(Mux_CapSense_SensingCSD_LL.o)
                0x00001f94                Mux_CapSense_SsCSDCalculateScanDuration
 .text.Mux_CapSense_SsCSDStartSample
                0x00001fa8       0xb8 .\CortexM0\ARM_GCC_541\Debug\PSoC CapSense_HexTouch.a(Mux_CapSense_SensingCSD_LL.o)
                0x00001fa8                Mux_CapSense_SsCSDStartSample
 .text.Mux_CapSense_CSDScanExt
                0x00002060       0x38 .\CortexM0\ARM_GCC_541\Debug\PSoC CapSense_HexTouch.a(Mux_CapSense_SensingCSD_LL.o)
                0x00002060                Mux_CapSense_CSDScanExt
 .text.Mux_CapSense_CSDConnectSns
                0x00002098       0x34 .\CortexM0\ARM_GCC_541\Debug\PSoC CapSense_HexTouch.a(Mux_CapSense_SensingCSD_LL.o)
                0x00002098                Mux_CapSense_CSDConnectSns
 .text.Mux_CapSense_CSDScan
                0x000020cc       0x94 .\CortexM0\ARM_GCC_541\Debug\PSoC CapSense_HexTouch.a(Mux_CapSense_SensingCSD_LL.o)
                0x000020cc                Mux_CapSense_CSDScan
 .text.Mux_CapSense_SsCSDConnectSensorExt
                0x00002160       0x24 .\CortexM0\ARM_GCC_541\Debug\PSoC CapSense_HexTouch.a(Mux_CapSense_SensingCSD_LL.o)
                0x00002160                Mux_CapSense_SsCSDConnectSensorExt
 .text.Mux_CapSense_CSDDisconnectSns
                0x00002184       0x64 .\CortexM0\ARM_GCC_541\Debug\PSoC CapSense_HexTouch.a(Mux_CapSense_SensingCSD_LL.o)
                0x00002184                Mux_CapSense_CSDDisconnectSns
 .text.Mux_CapSense_SsCSDElectrodeCheck
                0x000021e8       0x24 .\CortexM0\ARM_GCC_541\Debug\PSoC CapSense_HexTouch.a(Mux_CapSense_SensingCSD_LL.o)
                0x000021e8                Mux_CapSense_SsCSDElectrodeCheck
 .text.Mux_CapSense_CSDSetupWidget
                0x0000220c       0x50 .\CortexM0\ARM_GCC_541\Debug\PSoC CapSense_HexTouch.a(Mux_CapSense_SensingCSD_LL.o)
                0x0000220c                Mux_CapSense_CSDSetupWidget
 .text.Mux_CapSense_CSDSetupWidgetExt
                0x0000225c       0x6c .\CortexM0\ARM_GCC_541\Debug\PSoC CapSense_HexTouch.a(Mux_CapSense_SensingCSD_LL.o)
                0x0000225c                Mux_CapSense_CSDSetupWidgetExt
 .text.Mux_CapSense_SsCSDCalibrate
                0x000022c8      0x1dc .\CortexM0\ARM_GCC_541\Debug\PSoC CapSense_HexTouch.a(Mux_CapSense_SensingCSD_LL.o)
 .text.Mux_CapSense_CSDCalibrateWidget
                0x000024a4       0x74 .\CortexM0\ARM_GCC_541\Debug\PSoC CapSense_HexTouch.a(Mux_CapSense_SensingCSD_LL.o)
                0x000024a4                Mux_CapSense_CSDCalibrateWidget
 .text.EZI2C_ScbEnableIntr
                0x00002518        0xc .\CortexM0\ARM_GCC_541\Debug\PSoC CapSense_HexTouch.a(EZI2C.o)
 .text.EZI2C_Init
                0x00002524        0x8 .\CortexM0\ARM_GCC_541\Debug\PSoC CapSense_HexTouch.a(EZI2C.o)
                0x00002524                EZI2C_Init
 .text.EZI2C_Enable
                0x0000252c       0x18 .\CortexM0\ARM_GCC_541\Debug\PSoC CapSense_HexTouch.a(EZI2C.o)
                0x0000252c                EZI2C_Enable
 .text.EZI2C_Start
                0x00002544       0x20 .\CortexM0\ARM_GCC_541\Debug\PSoC CapSense_HexTouch.a(EZI2C.o)
                0x00002544                EZI2C_Start
 .text.EZI2C_EzI2CInit
                0x00002564       0xc4 .\CortexM0\ARM_GCC_541\Debug\PSoC CapSense_HexTouch.a(EZI2C_EZI2C.o)
                0x00002564                EZI2C_EzI2CInit
 .text.EZI2C_EzI2CSetBuffer1
                0x00002628       0x30 .\CortexM0\ARM_GCC_541\Debug\PSoC CapSense_HexTouch.a(EZI2C_EZI2C.o)
                0x00002628                EZI2C_EzI2CSetBuffer1
 .text.EZI2C_EZI2C_STRETCH_ISR
                0x00002658      0x350 .\CortexM0\ARM_GCC_541\Debug\PSoC CapSense_HexTouch.a(EZI2C_EZI2C_INT.o)
                0x00002658                EZI2C_EZI2C_STRETCH_ISR
 .text.Mux_CapSense_ISR_SetVector
                0x000029a8        0xc .\CortexM0\ARM_GCC_541\Debug\PSoC CapSense_HexTouch.a(Mux_CapSense_ISR.o)
                0x000029a8                Mux_CapSense_ISR_SetVector
 .text.Mux_CapSense_ISR_SetPriority
                0x000029b4       0x24 .\CortexM0\ARM_GCC_541\Debug\PSoC CapSense_HexTouch.a(Mux_CapSense_ISR.o)
                0x000029b4                Mux_CapSense_ISR_SetPriority
 .text.Mux_CapSense_ISR_Enable
                0x000029d8       0x10 .\CortexM0\ARM_GCC_541\Debug\PSoC CapSense_HexTouch.a(Mux_CapSense_ISR.o)
                0x000029d8                Mux_CapSense_ISR_Enable
 .text.Mux_CapSense_ISR_Disable
                0x000029e8       0x10 .\CortexM0\ARM_GCC_541\Debug\PSoC CapSense_HexTouch.a(Mux_CapSense_ISR.o)
                0x000029e8                Mux_CapSense_ISR_Disable
 .text.Mux_CapSense_ISR_StartEx
                0x000029f8       0x1c .\CortexM0\ARM_GCC_541\Debug\PSoC CapSense_HexTouch.a(Mux_CapSense_ISR.o)
                0x000029f8                Mux_CapSense_ISR_StartEx
 .text.Counter_micros_Enable
                0x00002a14       0x14 .\CortexM0\ARM_GCC_541\Debug\PSoC CapSense_HexTouch.a(Counter_micros.o)
                0x00002a14                Counter_micros_Enable
 .text.Counter_micros_SetInterruptMode
                0x00002a28        0xc .\CortexM0\ARM_GCC_541\Debug\PSoC CapSense_HexTouch.a(Counter_micros.o)
                0x00002a28                Counter_micros_SetInterruptMode
 .text.Counter_micros_ReadStatusRegister
                0x00002a34        0xc .\CortexM0\ARM_GCC_541\Debug\PSoC CapSense_HexTouch.a(Counter_micros.o)
                0x00002a34                Counter_micros_ReadStatusRegister
 .text.Counter_micros_WriteCounter
                0x00002a40        0xc .\CortexM0\ARM_GCC_541\Debug\PSoC CapSense_HexTouch.a(Counter_micros.o)
                0x00002a40                Counter_micros_WriteCounter
 .text.Counter_micros_ReadCounter
                0x00002a4c       0x14 .\CortexM0\ARM_GCC_541\Debug\PSoC CapSense_HexTouch.a(Counter_micros.o)
                0x00002a4c                Counter_micros_ReadCounter
 .text.Counter_micros_ReadCapture
                0x00002a60        0xc .\CortexM0\ARM_GCC_541\Debug\PSoC CapSense_HexTouch.a(Counter_micros.o)
                0x00002a60                Counter_micros_ReadCapture
 .text.Counter_micros_WritePeriod
                0x00002a6c        0xc .\CortexM0\ARM_GCC_541\Debug\PSoC CapSense_HexTouch.a(Counter_micros.o)
                0x00002a6c                Counter_micros_WritePeriod
 .text.Counter_micros_WriteCompare
                0x00002a78        0xc .\CortexM0\ARM_GCC_541\Debug\PSoC CapSense_HexTouch.a(Counter_micros.o)
                0x00002a78                Counter_micros_WriteCompare
 .text.Counter_micros_ClearFIFO
                0x00002a84       0x14 .\CortexM0\ARM_GCC_541\Debug\PSoC CapSense_HexTouch.a(Counter_micros.o)
                0x00002a84                Counter_micros_ClearFIFO
 .text.Counter_micros_Init
                0x00002a98       0x58 .\CortexM0\ARM_GCC_541\Debug\PSoC CapSense_HexTouch.a(Counter_micros.o)
                0x00002a98                Counter_micros_Init
 .text.Counter_micros_Start
                0x00002af0       0x20 .\CortexM0\ARM_GCC_541\Debug\PSoC CapSense_HexTouch.a(Counter_micros.o)
                0x00002af0                Counter_micros_Start
 .text          0x00002b10       0x20 .\CortexM0\ARM_GCC_541\Debug\PSoC CapSense_HexTouch.a(CyBootAsmGnu.o)
                0x00002b10                CyDelayCycles
                0x00002b22                CyEnterCriticalSection
                0x00002b2a                CyExitCriticalSection
 .text.CySysFlashSetWaitCycles
                0x00002b30       0x54 .\CortexM0\ARM_GCC_541\Debug\PSoC CapSense_HexTouch.a(CyFlash.o)
                0x00002b30                CySysFlashSetWaitCycles
 .text.Mux_CapSense_SsCSDPostScan
                0x00002b84       0x20 .\CortexM0\ARM_GCC_541\Debug\PSoC CapSense_HexTouch.a(Mux_CapSense_INT.o)
 .text.Mux_CapSense_SsCSDInitNextScan
                0x00002ba4       0xb0 .\CortexM0\ARM_GCC_541\Debug\PSoC CapSense_HexTouch.a(Mux_CapSense_INT.o)
 .text.Mux_CapSense_CSDPostSingleScan
                0x00002c54       0x44 .\CortexM0\ARM_GCC_541\Debug\PSoC CapSense_HexTouch.a(Mux_CapSense_INT.o)
                0x00002c54                Mux_CapSense_CSDPostSingleScan
 .text.Mux_CapSense_CSDPostMultiScan
                0x00002c98       0x58 .\CortexM0\ARM_GCC_541\Debug\PSoC CapSense_HexTouch.a(Mux_CapSense_INT.o)
                0x00002c98                Mux_CapSense_CSDPostMultiScan
 .text          0x00002cf0      0x114 c:/program files (x86)/cypress/psoc creator/4.4/psoc creator/import/gnu/arm/5.4.1/bin/../lib/gcc/arm-none-eabi/5.4.1/armv6-m\libgcc.a(_udivsi3.o)
                0x00002cf0                __aeabi_uidiv
                0x00002cf0                __udivsi3
                0x00002dfc                __aeabi_uidivmod
 .text          0x00002e04        0x4 c:/program files (x86)/cypress/psoc creator/4.4/psoc creator/import/gnu/arm/5.4.1/bin/../lib/gcc/arm-none-eabi/5.4.1/armv6-m\libgcc.a(_dvmd_tls.o)
                0x00002e04                __aeabi_idiv0
                0x00002e04                __aeabi_ldiv0
 .text.atoi     0x00002e08        0xc c:/program files (x86)/cypress/psoc creator/4.4/psoc creator/import/gnu/arm/5.4.1/bin/../lib/gcc/arm-none-eabi/5.4.1/../../../../arm-none-eabi/lib/armv6-m\libg_nano.a(lib_a-atoi.o)
                0x00002e08                atoi
 .text.__errno  0x00002e14        0xc c:/program files (x86)/cypress/psoc creator/4.4/psoc creator/import/gnu/arm/5.4.1/bin/../lib/gcc/arm-none-eabi/5.4.1/../../../../arm-none-eabi/lib/armv6-m\libg_nano.a(lib_a-errno.o)
                0x00002e14                __errno
 .text.__libc_init_array
                0x00002e20       0x4c c:/program files (x86)/cypress/psoc creator/4.4/psoc creator/import/gnu/arm/5.4.1/bin/../lib/gcc/arm-none-eabi/5.4.1/../../../../arm-none-eabi/lib/armv6-m\libg_nano.a(lib_a-init.o)
                0x00002e20                __libc_init_array
 .text.memcpy   0x00002e6c       0x12 c:/program files (x86)/cypress/psoc creator/4.4/psoc creator/import/gnu/arm/5.4.1/bin/../lib/gcc/arm-none-eabi/5.4.1/../../../../arm-none-eabi/lib/armv6-m\libg_nano.a(lib_a-memcpy-stub.o)
                0x00002e6c                memcpy
 .text.memset   0x00002e7e       0x10 c:/program files (x86)/cypress/psoc creator/4.4/psoc creator/import/gnu/arm/5.4.1/bin/../lib/gcc/arm-none-eabi/5.4.1/../../../../arm-none-eabi/lib/armv6-m\libg_nano.a(lib_a-memset.o)
                0x00002e7e                memset
 *fill*         0x00002e8e        0x2 
 .text.sprintf  0x00002e90       0x44 c:/program files (x86)/cypress/psoc creator/4.4/psoc creator/import/gnu/arm/5.4.1/bin/../lib/gcc/arm-none-eabi/5.4.1/../../../../arm-none-eabi/lib/armv6-m\libg_nano.a(lib_a-sprintf.o)
                0x00002e90                siprintf
                0x00002e90                sprintf
 .text.strncmp  0x00002ed4       0x24 c:/program files (x86)/cypress/psoc creator/4.4/psoc creator/import/gnu/arm/5.4.1/bin/../lib/gcc/arm-none-eabi/5.4.1/../../../../arm-none-eabi/lib/armv6-m\libg_nano.a(lib_a-strncmp.o)
                0x00002ed4                strncmp
 .text._strtol_r
                0x00002ef8      0x124 c:/program files (x86)/cypress/psoc creator/4.4/psoc creator/import/gnu/arm/5.4.1/bin/../lib/gcc/arm-none-eabi/5.4.1/../../../../arm-none-eabi/lib/armv6-m\libg_nano.a(lib_a-strtol.o)
                0x00002ef8                _strtol_r
 .text.strtol   0x0000301c       0x18 c:/program files (x86)/cypress/psoc creator/4.4/psoc creator/import/gnu/arm/5.4.1/bin/../lib/gcc/arm-none-eabi/5.4.1/../../../../arm-none-eabi/lib/armv6-m\libg_nano.a(lib_a-strtol.o)
                0x0000301c                strtol
 .text._malloc_r
                0x00003034       0xc0 c:/program files (x86)/cypress/psoc creator/4.4/psoc creator/import/gnu/arm/5.4.1/bin/../lib/gcc/arm-none-eabi/5.4.1/../../../../arm-none-eabi/lib/armv6-m\libg_nano.a(lib_a-nano-mallocr.o)
                0x00003034                _malloc_r
 .text.__ssputs_r
                0x000030f4       0xc4 c:/program files (x86)/cypress/psoc creator/4.4/psoc creator/import/gnu/arm/5.4.1/bin/../lib/gcc/arm-none-eabi/5.4.1/../../../../arm-none-eabi/lib/armv6-m\libg_nano.a(lib_a-nano-svfprintf.o)
                0x000030f4                __ssputs_r
 .text._svfprintf_r
                0x000031b8      0x1fc c:/program files (x86)/cypress/psoc creator/4.4/psoc creator/import/gnu/arm/5.4.1/bin/../lib/gcc/arm-none-eabi/5.4.1/../../../../arm-none-eabi/lib/armv6-m\libg_nano.a(lib_a-nano-svfprintf.o)
                0x000031b8                _svfiprintf_r
                0x000031b8                _svfprintf_r
 .text._printf_common
                0x000033b4       0xdc c:/program files (x86)/cypress/psoc creator/4.4/psoc creator/import/gnu/arm/5.4.1/bin/../lib/gcc/arm-none-eabi/5.4.1/../../../../arm-none-eabi/lib/armv6-m\libg_nano.a(lib_a-nano-vfprintf_i.o)
                0x000033b4                _printf_common
 .text._printf_i
                0x00003490      0x244 c:/program files (x86)/cypress/psoc creator/4.4/psoc creator/import/gnu/arm/5.4.1/bin/../lib/gcc/arm-none-eabi/5.4.1/../../../../arm-none-eabi/lib/armv6-m\libg_nano.a(lib_a-nano-vfprintf_i.o)
                0x00003490                _printf_i
 .text._sbrk_r  0x000036d4       0x24 c:/program files (x86)/cypress/psoc creator/4.4/psoc creator/import/gnu/arm/5.4.1/bin/../lib/gcc/arm-none-eabi/5.4.1/../../../../arm-none-eabi/lib/armv6-m\libg_nano.a(lib_a-sbrkr.o)
                0x000036d4                _sbrk_r
 .text.memchr   0x000036f8       0x16 c:/program files (x86)/cypress/psoc creator/4.4/psoc creator/import/gnu/arm/5.4.1/bin/../lib/gcc/arm-none-eabi/5.4.1/../../../../arm-none-eabi/lib/armv6-m\libg_nano.a(lib_a-memchr-stub.o)
                0x000036f8                memchr
 .text.memmove  0x0000370e       0x2a c:/program files (x86)/cypress/psoc creator/4.4/psoc creator/import/gnu/arm/5.4.1/bin/../lib/gcc/arm-none-eabi/5.4.1/../../../../arm-none-eabi/lib/armv6-m\libg_nano.a(lib_a-memmove.o)
                0x0000370e                memmove
 .text.__malloc_lock
                0x00003738        0x2 c:/program files (x86)/cypress/psoc creator/4.4/psoc creator/import/gnu/arm/5.4.1/bin/../lib/gcc/arm-none-eabi/5.4.1/../../../../arm-none-eabi/lib/armv6-m\libg_nano.a(lib_a-mlock.o)
                0x00003738                __malloc_lock
 .text.__malloc_unlock
                0x0000373a        0x2 c:/program files (x86)/cypress/psoc creator/4.4/psoc creator/import/gnu/arm/5.4.1/bin/../lib/gcc/arm-none-eabi/5.4.1/../../../../arm-none-eabi/lib/armv6-m\libg_nano.a(lib_a-mlock.o)
                0x0000373a                __malloc_unlock
 .text._free_r  0x0000373c       0x98 c:/program files (x86)/cypress/psoc creator/4.4/psoc creator/import/gnu/arm/5.4.1/bin/../lib/gcc/arm-none-eabi/5.4.1/../../../../arm-none-eabi/lib/armv6-m\libg_nano.a(lib_a-nano-freer.o)
                0x0000373c                _free_r
 .text._realloc_r
                0x000037d4       0x4c c:/program files (x86)/cypress/psoc creator/4.4/psoc creator/import/gnu/arm/5.4.1/bin/../lib/gcc/arm-none-eabi/5.4.1/../../../../arm-none-eabi/lib/armv6-m\libg_nano.a(lib_a-nano-reallocr.o)
                0x000037d4                _realloc_r
 .text._malloc_usable_size_r
                0x00003820       0x16 c:/program files (x86)/cypress/psoc creator/4.4/psoc creator/import/gnu/arm/5.4.1/bin/../lib/gcc/arm-none-eabi/5.4.1/../../../../arm-none-eabi/lib/armv6-m\libg_nano.a(lib_a-nano-msizer.o)
                0x00003820                _malloc_usable_size_r
 *(.plt)
 *(.gnu.warning)
 *(.glue_7t)
 .glue_7t       0x00003836        0x0 linker stubs
 *(.glue_7)
 .glue_7        0x00003836        0x0 linker stubs
 *(.vfp11_veneer)
 .vfp11_veneer  0x00003836        0x0 linker stubs
 *(.bootloader)
 *(.ARM.extab* .gnu.linkonce.armextab.*)
 *(.gcc_except_table)

.v4_bx          0x00003838        0x0
 .v4_bx         0x00003838        0x0 linker stubs

.iplt           0x00003838        0x0
 .iplt          0x00003838        0x0 c:/program files (x86)/cypress/psoc creator/4.4/psoc creator/import/gnu/arm/5.4.1/bin/../lib/gcc/arm-none-eabi/5.4.1/armv6-m/crtbegin.o

.eh_frame_hdr
 *(.eh_frame_hdr)

.eh_frame       0x00003838        0x4
 *(.eh_frame)
 .eh_frame      0x00003838        0x0 c:/program files (x86)/cypress/psoc creator/4.4/psoc creator/import/gnu/arm/5.4.1/bin/../lib/gcc/arm-none-eabi/5.4.1/armv6-m/crtbegin.o
 .eh_frame      0x00003838        0x4 c:/program files (x86)/cypress/psoc creator/4.4/psoc creator/import/gnu/arm/5.4.1/bin/../lib/gcc/arm-none-eabi/5.4.1/armv6-m/crtend.o
                [!provide]                PROVIDE (__exidx_start, .)

.ARM.exidx
 *(.ARM.exidx* .gnu.linkonce.armexidx.*)
                0x0000383c                __exidx_end = .

.rodata         0x0000383c      0x88c
 *(.rodata .rodata.* .gnu.linkonce.r.*)
 .rodata        0x0000383c      0x179 .\CortexM0\ARM_GCC_541\Debug\main.o
 *fill*         0x000039b5        0x3 
 .rodata.str1.4
                0x000039b8      0x25c .\CortexM0\ARM_GCC_541\Debug\main.o
                                0x260 (size before relaxing)
 .rodata        0x00003c14      0x1c8 .\CortexM0\ARM_GCC_541\Debug\cyfitter_cfg.o
 .rodata        0x00003ddc       0x2e .\CortexM0\ARM_GCC_541\Debug\PSoC CapSense_HexTouch.a(CyLib.o)
                0x00003ddc                cyImoFreqMhz2Reg
 *fill*         0x00003e0a        0x2 
 .rodata        0x00003e0c      0x120 .\CortexM0\ARM_GCC_541\Debug\PSoC CapSense_HexTouch.a(Mux_CapSense_Structure.o)
                0x00003e0c                Mux_CapSense_ramIdacInit
                0x00003e14                Mux_CapSense_dsFlash
                0x00003e34                Mux_CapSense_ramWidgetInit
                0x00003e4c                Mux_CapSense_ioList
 .rodata        0x00003f2c       0x1c .\CortexM0\ARM_GCC_541\Debug\PSoC CapSense_HexTouch.a(Mux_CapSense_Tuner.o)
 .rodata        0x00003f48       0x11 .\CortexM0\ARM_GCC_541\Debug\PSoC CapSense_HexTouch.a(Mux_CapSense_Sensing.o)
                0x00003f48                Mux_CapSense_idacGainTable
                0x00003f58                Mux_CapSense_scanFreqIndex
 .rodata.str1.1
                0x00003f59        0x2 c:/program files (x86)/cypress/psoc creator/4.4/psoc creator/import/gnu/arm/5.4.1/bin/../lib/gcc/arm-none-eabi/5.4.1/../../../../arm-none-eabi/lib/armv6-m\libg_nano.a(lib_a-impure.o)
 .rodata._ctype_
                0x00003f5b      0x101 c:/program files (x86)/cypress/psoc creator/4.4/psoc creator/import/gnu/arm/5.4.1/bin/../lib/gcc/arm-none-eabi/5.4.1/../../../../arm-none-eabi/lib/armv6-m\libg_nano.a(lib_a-ctype_.o)
                0x00003f5b                _ctype_
 .rodata.str1.1
                0x0000405c       0x11 c:/program files (x86)/cypress/psoc creator/4.4/psoc creator/import/gnu/arm/5.4.1/bin/../lib/gcc/arm-none-eabi/5.4.1/../../../../arm-none-eabi/lib/armv6-m\libg_nano.a(lib_a-nano-svfprintf.o)
 .rodata.str1.1
                0x0000406d       0x22 c:/program files (x86)/cypress/psoc creator/4.4/psoc creator/import/gnu/arm/5.4.1/bin/../lib/gcc/arm-none-eabi/5.4.1/../../../../arm-none-eabi/lib/armv6-m\libg_nano.a(lib_a-nano-vfprintf_i.o)
                0x00004090                . = ALIGN (0x4)
 *fill*         0x0000408f        0x1 
 *(.init)
 .init          0x00004090        0x4 c:/program files (x86)/cypress/psoc creator/4.4/psoc creator/import/gnu/arm/5.4.1/bin/../lib/gcc/arm-none-eabi/5.4.1/armv6-m/crti.o
                0x00004090                _init
 .init          0x00004094        0x8 c:/program files (x86)/cypress/psoc creator/4.4/psoc creator/import/gnu/arm/5.4.1/bin/../lib/gcc/arm-none-eabi/5.4.1/armv6-m/crtn.o
                0x0000409c                . = ALIGN (0x4)
                0x0000409c                __preinit_array_start = .
 *(.preinit_array)
                0x0000409c                __preinit_array_end = .
                0x0000409c                . = ALIGN (0x4)
                0x0000409c                __init_array_start = .
 *(SORT(.init_array.*))
 *(.init_array)
 .init_array    0x0000409c        0x4 c:/program files (x86)/cypress/psoc creator/4.4/psoc creator/import/gnu/arm/5.4.1/bin/../lib/gcc/arm-none-eabi/5.4.1/armv6-m/crtbegin.o
 .init_array    0x000040a0        0x4 .\CortexM0\ARM_GCC_541\Debug\Cm0Start.o
                0x000040a4                __init_array_end = .
                0x000040a4                . = ALIGN (0x4)
 *(.fini)
 .fini          0x000040a4        0x4 c:/program files (x86)/cypress/psoc creator/4.4/psoc creator/import/gnu/arm/5.4.1/bin/../lib/gcc/arm-none-eabi/5.4.1/armv6-m/crti.o
                0x000040a4                _fini
 .fini          0x000040a8        0x8 c:/program files (x86)/cypress/psoc creator/4.4/psoc creator/import/gnu/arm/5.4.1/bin/../lib/gcc/arm-none-eabi/5.4.1/armv6-m/crtn.o
                0x000040b0                . = ALIGN (0x4)
                0x000040b0                __fini_array_start = .
 *(.fini_array)
 .fini_array    0x000040b0        0x4 c:/program files (x86)/cypress/psoc creator/4.4/psoc creator/import/gnu/arm/5.4.1/bin/../lib/gcc/arm-none-eabi/5.4.1/armv6-m/crtbegin.o
 *(SORT(.fini_array.*))
                0x000040b4                __fini_array_end = .
                0x000040b4                . = ALIGN (0x4)
 *crtbegin.o(.ctors)
 *(EXCLUDE_FILE(*crtend.o) .ctors)
 *(SORT(.ctors.*))
 *crtend.o(.ctors)
                0x000040b4                . = ALIGN (0x4)
 *crtbegin.o(.dtors)
 *(EXCLUDE_FILE(*crtend.o) .dtors)
 *(SORT(.dtors.*))
 *crtend.o(.dtors)
                0x000040b4                . = ALIGN (0x4)
                0x000040b4                __cy_regions = .
                0x000040b4        0x4 LONG 0x40c8 __cy_region_init_ram
                0x000040b8        0x4 LONG 0x200000c0 __cy_region_start_data
                0x000040bc        0x4 LONG 0x98 __cy_region_init_size_ram
                0x000040c0        0x4 LONG 0x120 __cy_region_zero_size_ram
                0x000040c4                __cy_regions_end = .
                0x000040c8                . = ALIGN (0x8)
 *fill*         0x000040c4        0x4 
                0x000040c8                _etext = .

.cy_checksum_exclude
                0x000040c8        0x0
 *(.cy_checksum_exclude)

.ramvectors     0x20000000       0xc0
                0x20000000                __cy_region_start_ram = .
 *(.ramvectors)
 .ramvectors    0x20000000       0xc0 .\CortexM0\ARM_GCC_541\Debug\Cm0Start.o
                0x20000000                CyRamVectors

.noinit
 *(.noinit)

.data           0x200000c0       0x98 load address 0x000040c8
                0x200000c0                __cy_region_start_data = .
 *(.jcr)
 .jcr           0x200000c0        0x0 c:/program files (x86)/cypress/psoc creator/4.4/psoc creator/import/gnu/arm/5.4.1/bin/../lib/gcc/arm-none-eabi/5.4.1/armv6-m/crtbegin.o
 .jcr           0x200000c0        0x4 c:/program files (x86)/cypress/psoc creator/4.4/psoc creator/import/gnu/arm/5.4.1/bin/../lib/gcc/arm-none-eabi/5.4.1/armv6-m/crtend.o
 *(.got.plt)
 *(.got)
 *(.shdata)
 *(.data .data.* .gnu.linkonce.d.*)
 .data          0x200000c4        0x4 .\CortexM0\ARM_GCC_541\Debug\Cm0Start.o
 .data          0x200000c8       0x14 .\CortexM0\ARM_GCC_541\Debug\PSoC CapSense_HexTouch.a(CyLib.o)
                0x200000c8                CySysClkPumpConfig
                0x200000cc                cydelay32kMs
                0x200000d0                cydelayFreqKhz
                0x200000d4                cydelayFreqMhz
                0x200000d8                cydelayFreqHz
 .data          0x200000dc        0x8 .\CortexM0\ARM_GCC_541\Debug\PSoC CapSense_HexTouch.a(CyLFClk.o)
 .data          0x200000e4        0x8 .\CortexM0\ARM_GCC_541\Debug\PSoC CapSense_HexTouch.a(Mux_CapSense_SensingCSD_LL.o)
                0x200000e4                Mux_CapSense_configCsd
 .data.impure_data
                0x200000ec       0x60 c:/program files (x86)/cypress/psoc creator/4.4/psoc creator/import/gnu/arm/5.4.1/bin/../lib/gcc/arm-none-eabi/5.4.1/../../../../arm-none-eabi/lib/armv6-m\libg_nano.a(lib_a-impure.o)
 .data._impure_ptr
                0x2000014c        0x4 c:/program files (x86)/cypress/psoc creator/4.4/psoc creator/import/gnu/arm/5.4.1/bin/../lib/gcc/arm-none-eabi/5.4.1/../../../../arm-none-eabi/lib/armv6-m\libg_nano.a(lib_a-impure.o)
                0x2000014c                _impure_ptr
 .data.__ctype_ptr__
                0x20000150        0x4 c:/program files (x86)/cypress/psoc creator/4.4/psoc creator/import/gnu/arm/5.4.1/bin/../lib/gcc/arm-none-eabi/5.4.1/../../../../arm-none-eabi/lib/armv6-m\libg_nano.a(lib_a-ctype_.o)
                0x20000150                __ctype_ptr__
                0x20000158                . = ALIGN (0x8)
 *fill*         0x20000154        0x4 
 *(.ram)
                0x20000158                _edata = .

.igot.plt       0x20000158        0x0 load address 0x00004160
 .igot.plt      0x20000158        0x0 c:/program files (x86)/cypress/psoc creator/4.4/psoc creator/import/gnu/arm/5.4.1/bin/../lib/gcc/arm-none-eabi/5.4.1/armv6-m/crtbegin.o

.bss            0x20000158      0x120 load address 0x00004160
                0x20000158                PROVIDE (__bss_start__, .)
 *(.shbss)
 *(.bss .bss.* .gnu.linkonce.b.*)
 .bss           0x20000158       0x1c c:/program files (x86)/cypress/psoc creator/4.4/psoc creator/import/gnu/arm/5.4.1/bin/../lib/gcc/arm-none-eabi/5.4.1/armv6-m/crtbegin.o
 .bss           0x20000174       0x28 .\CortexM0\ARM_GCC_541\Debug\PSoC CapSense_HexTouch.a(CyLFClk.o)
 .bss           0x2000019c        0x4 .\CortexM0\ARM_GCC_541\Debug\PSoC CapSense_HexTouch.a(UART.o)
                0x2000019c                UART_initVar
                0x2000019e                UART_IntrTxMask
 .bss           0x200001a0        0x1 .\CortexM0\ARM_GCC_541\Debug\PSoC CapSense_HexTouch.a(Mux_CapSense_Control.o)
 *fill*         0x200001a1        0x3 
 .bss           0x200001a4        0x8 .\CortexM0\ARM_GCC_541\Debug\PSoC CapSense_HexTouch.a(Mux_CapSense_Structure.o)
 .bss           0x200001ac        0x4 .\CortexM0\ARM_GCC_541\Debug\PSoC CapSense_HexTouch.a(Mux_CapSense_Tuner.o)
 .bss           0x200001b0        0x4 .\CortexM0\ARM_GCC_541\Debug\PSoC CapSense_HexTouch.a(Mux_CapSense_Sensing.o)
                0x200001b0                Mux_CapSense_currentSenseMethod
                0x200001b1                Mux_CapSense_requestScanAllWidget
                0x200001b2                Mux_CapSense_sensorIndex
                0x200001b3                Mux_CapSense_widgetIndex
 .bss           0x200001b4        0x1 .\CortexM0\ARM_GCC_541\Debug\PSoC CapSense_HexTouch.a(Mux_CapSense_SensingCSD_LL.o)
 *fill*         0x200001b5        0x3 
 .bss           0x200001b8        0x8 .\CortexM0\ARM_GCC_541\Debug\PSoC CapSense_HexTouch.a(EZI2C.o)
                0x200001b8                EZI2C_initVar
                0x200001bc                EZI2C_customIntrHandler
 .bss           0x200001c0        0x2 .\CortexM0\ARM_GCC_541\Debug\PSoC CapSense_HexTouch.a(EZI2C_EZI2C_INT.o)
 .bss           0x200001c2        0x1 .\CortexM0\ARM_GCC_541\Debug\PSoC CapSense_HexTouch.a(Counter_micros.o)
                0x200001c2                Counter_micros_initVar
 *fill*         0x200001c3        0x1 
 .bss.__malloc_sbrk_start
                0x200001c4        0x4 c:/program files (x86)/cypress/psoc creator/4.4/psoc creator/import/gnu/arm/5.4.1/bin/../lib/gcc/arm-none-eabi/5.4.1/../../../../arm-none-eabi/lib/armv6-m\libg_nano.a(lib_a-nano-mallocr.o)
                0x200001c4                __malloc_sbrk_start
 .bss.__malloc_free_list
                0x200001c8        0x4 c:/program files (x86)/cypress/psoc creator/4.4/psoc creator/import/gnu/arm/5.4.1/bin/../lib/gcc/arm-none-eabi/5.4.1/../../../../arm-none-eabi/lib/armv6-m\libg_nano.a(lib_a-nano-mallocr.o)
                0x200001c8                __malloc_free_list
 *(COMMON)
 COMMON         0x200001cc       0x8c .\CortexM0\ARM_GCC_541\Debug\PSoC CapSense_HexTouch.a(Mux_CapSense_Structure.o)
                0x200001cc                Mux_CapSense_dsRam
 COMMON         0x20000258        0x8 .\CortexM0\ARM_GCC_541\Debug\PSoC CapSense_HexTouch.a(Mux_CapSense_Sensing.o)
                0x20000258                Mux_CapSense_curRamSnsPtr
                0x2000025c                Mux_CapSense_curSnsIOPtr
 COMMON         0x20000260       0x12 .\CortexM0\ARM_GCC_541\Debug\PSoC CapSense_HexTouch.a(EZI2C_EZI2C.o)
                0x20000260                EZI2C_offsetBuf1
                0x20000262                EZI2C_indexBuf1
                0x20000264                EZI2C_fsmState
                0x20000266                EZI2C_protectBuf1
                0x20000268                EZI2C_curStatus
                0x2000026c                EZI2C_dataBuffer1
                0x20000270                EZI2C_bufSizeBuf1
 *fill*         0x20000272        0x2 
 COMMON         0x20000274        0x4 c:/program files (x86)/cypress/psoc creator/4.4/psoc creator/import/gnu/arm/5.4.1/bin/../lib/gcc/arm-none-eabi/5.4.1/../../../../arm-none-eabi/lib/armv6-m\libg_nano.a(lib_a-reent.o)
                0x20000274                errno
                0x20000278                . = ALIGN (0x8)
 *(.ram.b)
                0x20000278                _end = .
                0x20000278                __end = .
                0x20000278                PROVIDE (end, .)
                0x20000278                PROVIDE (__bss_end__, .)
                0x000040c8                __cy_region_init_ram = LOADADDR (.data)
                0x00000098                __cy_region_init_size_ram = (_edata - ADDR (.data))
                0x00000120                __cy_region_zero_size_ram = (_end - _edata)

.heap           0x20000278      0x200 load address 0x00004160
                0x20000278                . = _end
                0x20000478                . = (. + 0x200)
 *fill*         0x20000278      0x200 
                0x20000478                __cy_heap_limit = .

.stack          0x20003800      0x800
                0x20003800                __cy_stack_limit = .
                0x20004000                . = (. + 0x800)
 *fill*         0x20003800      0x800 
                0x00000001                ASSERT ((__cy_stack_limit >= __cy_heap_limit), region RAM overflowed with stack)
                0x00000000                cy_checksum_exclude_size = (CY_APPL_LOADABLE == 0x1)?SIZEOF (.cy_checksum_exclude):0x0
                0x00000001                ASSERT ((cy_checksum_exclude_size <= CY_CHECKSUM_EXCLUDE_SIZE), CY_BOOT: Section .cy_checksum_exclude size exceedes specified limit.)
                0x0001ffc0                cyloadermeta_start = (cy_project_type_bootloader || cy_project_type_app_for_stack_and_copier)?(LENGTH (rom) - CY_METADATA_SIZE):0xf0000000

.cyloadermeta
 *(.cyloadermeta)
                0x0001ffc0                cyloadablemeta_start = cy_project_type_app_for_stack_and_copier?((LENGTH (rom) - CY_FLASH_ROW_SIZE) - CY_METADATA_SIZE):((LENGTH (rom) - (CY_FLASH_ROW_SIZE * (CY_APPL_NUM - 0x1))) - CY_METADATA_SIZE)

.cyloadablemeta
 *(.cyloadablemeta)

.cyflashprotect
                0x90400000       0x80
 *(.cyflashprotect)
 .cyflashprotect
                0x90400000       0x80 .\CortexM0\ARM_GCC_541\Debug\cymetadata.o
                0x90400000                cy_meta_flashprotect

.cymeta         0x90500000        0xc
 *(.cymeta)
 .cymeta        0x90500000        0xc .\CortexM0\ARM_GCC_541\Debug\cymetadata.o
                0x90500000                cy_metadata

.cychipprotect  0x90600000        0x1
 *(.cychipprotect)
 .cychipprotect
                0x90600000        0x1 .\CortexM0\ARM_GCC_541\Debug\cymetadata.o
                0x90600000                cy_meta_chipprotect

.rel.dyn        0x00004160        0x0 load address 0x90600004
 .rel.iplt      0x00004160        0x0 c:/program files (x86)/cypress/psoc creator/4.4/psoc creator/import/gnu/arm/5.4.1/bin/../lib/gcc/arm-none-eabi/5.4.1/armv6-m/crtbegin.o

.stab
 *(.stab)

.stabstr
 *(.stabstr)

.debug
 *(.debug)

.line
 *(.line)

.debug_srcinfo
 *(.debug_srcinfo)

.debug_sfnames
 *(.debug_sfnames)

.debug_aranges  0x00000000      0xdc8
 *(.debug_aranges)
 .debug_aranges
                0x00000000      0x100 .\CortexM0\ARM_GCC_541\Debug\main.o
 .debug_aranges
                0x00000100       0x48 .\CortexM0\ARM_GCC_541\Debug\cyfitter_cfg.o
 .debug_aranges
                0x00000148       0x18 .\CortexM0\ARM_GCC_541\Debug\cymetadata.o
 .debug_aranges
                0x00000160       0x48 .\CortexM0\ARM_GCC_541\Debug\Cm0Start.o
 .debug_aranges
                0x000001a8      0x1c8 .\CortexM0\ARM_GCC_541\Debug\PSoC CapSense_HexTouch.a(CyLib.o)
 .debug_aranges
                0x00000370      0x188 .\CortexM0\ARM_GCC_541\Debug\PSoC CapSense_HexTouch.a(CyLFClk.o)
 .debug_aranges
                0x000004f8       0x48 .\CortexM0\ARM_GCC_541\Debug\PSoC CapSense_HexTouch.a(S3.o)
 .debug_aranges
                0x00000540       0x48 .\CortexM0\ARM_GCC_541\Debug\PSoC CapSense_HexTouch.a(S2.o)
 .debug_aranges
                0x00000588       0x48 .\CortexM0\ARM_GCC_541\Debug\PSoC CapSense_HexTouch.a(S1.o)
 .debug_aranges
                0x000005d0       0x48 .\CortexM0\ARM_GCC_541\Debug\PSoC CapSense_HexTouch.a(S0.o)
 .debug_aranges
                0x00000618       0x48 .\CortexM0\ARM_GCC_541\Debug\PSoC CapSense_HexTouch.a(Pin_Green.o)
 .debug_aranges
                0x00000660       0x48 .\CortexM0\ARM_GCC_541\Debug\PSoC CapSense_HexTouch.a(CTRL.o)
 .debug_aranges
                0x000006a8       0x58 .\CortexM0\ARM_GCC_541\Debug\PSoC CapSense_HexTouch.a(UART.o)
 .debug_aranges
                0x00000700       0x60 .\CortexM0\ARM_GCC_541\Debug\PSoC CapSense_HexTouch.a(UART_SPI_UART.o)
 .debug_aranges
                0x00000760       0x90 .\CortexM0\ARM_GCC_541\Debug\PSoC CapSense_HexTouch.a(UART_UART.o)
 .debug_aranges
                0x000007f0       0x68 .\CortexM0\ARM_GCC_541\Debug\PSoC CapSense_HexTouch.a(Mux_CapSense_Control.o)
 .debug_aranges
                0x00000858       0x48 .\CortexM0\ARM_GCC_541\Debug\PSoC CapSense_HexTouch.a(Mux_CapSense_Processing.o)
 .debug_aranges
                0x000008a0       0x58 .\CortexM0\ARM_GCC_541\Debug\PSoC CapSense_HexTouch.a(Mux_CapSense_Structure.o)
 .debug_aranges
                0x000008f8       0x28 .\CortexM0\ARM_GCC_541\Debug\PSoC CapSense_HexTouch.a(Mux_CapSense_Tuner.o)
 .debug_aranges
                0x00000920       0x70 .\CortexM0\ARM_GCC_541\Debug\PSoC CapSense_HexTouch.a(Mux_CapSense_Filter.o)
 .debug_aranges
                0x00000990       0xf8 .\CortexM0\ARM_GCC_541\Debug\PSoC CapSense_HexTouch.a(Mux_CapSense_Sensing.o)
 .debug_aranges
                0x00000a88       0xc0 .\CortexM0\ARM_GCC_541\Debug\PSoC CapSense_HexTouch.a(Mux_CapSense_SensingCSD_LL.o)
 .debug_aranges
                0x00000b48       0x60 .\CortexM0\ARM_GCC_541\Debug\PSoC CapSense_HexTouch.a(EZI2C.o)
 .debug_aranges
                0x00000ba8       0x50 .\CortexM0\ARM_GCC_541\Debug\PSoC CapSense_HexTouch.a(EZI2C_EZI2C.o)
 .debug_aranges
                0x00000bf8       0x20 .\CortexM0\ARM_GCC_541\Debug\PSoC CapSense_HexTouch.a(EZI2C_EZI2C_INT.o)
 .debug_aranges
                0x00000c18       0x80 .\CortexM0\ARM_GCC_541\Debug\PSoC CapSense_HexTouch.a(Mux_CapSense_ISR.o)
 .debug_aranges
                0x00000c98       0x98 .\CortexM0\ARM_GCC_541\Debug\PSoC CapSense_HexTouch.a(Counter_micros.o)
 .debug_aranges
                0x00000d30       0x20 .\CortexM0\ARM_GCC_541\Debug\PSoC CapSense_HexTouch.a(CyBootAsmGnu.o)
 .debug_aranges
                0x00000d50       0x40 .\CortexM0\ARM_GCC_541\Debug\PSoC CapSense_HexTouch.a(CyFlash.o)
 .debug_aranges
                0x00000d90       0x38 .\CortexM0\ARM_GCC_541\Debug\PSoC CapSense_HexTouch.a(Mux_CapSense_INT.o)

.debug_pubnames
 *(.debug_pubnames)

.debug_info     0x00000000     0xcbfe
 *(.debug_info .gnu.linkonce.wi.*)
 .debug_info    0x00000000     0x27e8 .\CortexM0\ARM_GCC_541\Debug\main.o
 .debug_info    0x000027e8      0x405 .\CortexM0\ARM_GCC_541\Debug\cyfitter_cfg.o
 .debug_info    0x00002bed       0xf8 .\CortexM0\ARM_GCC_541\Debug\cymetadata.o
 .debug_info    0x00002ce5      0x3a2 .\CortexM0\ARM_GCC_541\Debug\Cm0Start.o
 .debug_info    0x00003087      0xd40 .\CortexM0\ARM_GCC_541\Debug\PSoC CapSense_HexTouch.a(CyLib.o)
 .debug_info    0x00003dc7     0x1058 .\CortexM0\ARM_GCC_541\Debug\PSoC CapSense_HexTouch.a(CyLFClk.o)
 .debug_info    0x00004e1f      0x19b .\CortexM0\ARM_GCC_541\Debug\PSoC CapSense_HexTouch.a(S3.o)
 .debug_info    0x00004fba      0x19d .\CortexM0\ARM_GCC_541\Debug\PSoC CapSense_HexTouch.a(S2.o)
 .debug_info    0x00005157      0x19d .\CortexM0\ARM_GCC_541\Debug\PSoC CapSense_HexTouch.a(S1.o)
 .debug_info    0x000052f4      0x19d .\CortexM0\ARM_GCC_541\Debug\PSoC CapSense_HexTouch.a(S0.o)
 .debug_info    0x00005491      0x19d .\CortexM0\ARM_GCC_541\Debug\PSoC CapSense_HexTouch.a(Pin_Green.o)
 .debug_info    0x0000562e      0x19d .\CortexM0\ARM_GCC_541\Debug\PSoC CapSense_HexTouch.a(CTRL.o)
 .debug_info    0x000057cb      0x23a .\CortexM0\ARM_GCC_541\Debug\PSoC CapSense_HexTouch.a(UART.o)
 .debug_info    0x00005a05      0x220 .\CortexM0\ARM_GCC_541\Debug\PSoC CapSense_HexTouch.a(UART_SPI_UART.o)
 .debug_info    0x00005c25      0x3b5 .\CortexM0\ARM_GCC_541\Debug\PSoC CapSense_HexTouch.a(UART_UART.o)
 .debug_info    0x00005fda      0xa2a .\CortexM0\ARM_GCC_541\Debug\PSoC CapSense_HexTouch.a(Mux_CapSense_Control.o)
 .debug_info    0x00006a04      0xac0 .\CortexM0\ARM_GCC_541\Debug\PSoC CapSense_HexTouch.a(Mux_CapSense_Processing.o)
 .debug_info    0x000074c4      0xb24 .\CortexM0\ARM_GCC_541\Debug\PSoC CapSense_HexTouch.a(Mux_CapSense_Structure.o)
 .debug_info    0x00007fe8      0x63f .\CortexM0\ARM_GCC_541\Debug\PSoC CapSense_HexTouch.a(Mux_CapSense_Tuner.o)
 .debug_info    0x00008627      0x7ad .\CortexM0\ARM_GCC_541\Debug\PSoC CapSense_HexTouch.a(Mux_CapSense_Filter.o)
 .debug_info    0x00008dd4     0x1216 .\CortexM0\ARM_GCC_541\Debug\PSoC CapSense_HexTouch.a(Mux_CapSense_Sensing.o)
 .debug_info    0x00009fea     0x1284 .\CortexM0\ARM_GCC_541\Debug\PSoC CapSense_HexTouch.a(Mux_CapSense_SensingCSD_LL.o)
 .debug_info    0x0000b26e      0x298 .\CortexM0\ARM_GCC_541\Debug\PSoC CapSense_HexTouch.a(EZI2C.o)
 .debug_info    0x0000b506      0x319 .\CortexM0\ARM_GCC_541\Debug\PSoC CapSense_HexTouch.a(EZI2C_EZI2C.o)
 .debug_info    0x0000b81f      0x1e4 .\CortexM0\ARM_GCC_541\Debug\PSoC CapSense_HexTouch.a(EZI2C_EZI2C_INT.o)
 .debug_info    0x0000ba03      0x305 .\CortexM0\ARM_GCC_541\Debug\PSoC CapSense_HexTouch.a(Mux_CapSense_ISR.o)
 .debug_info    0x0000bd08      0x345 .\CortexM0\ARM_GCC_541\Debug\PSoC CapSense_HexTouch.a(Counter_micros.o)
 .debug_info    0x0000c04d       0xbc .\CortexM0\ARM_GCC_541\Debug\PSoC CapSense_HexTouch.a(CyBootAsmGnu.o)
 .debug_info    0x0000c109      0x350 .\CortexM0\ARM_GCC_541\Debug\PSoC CapSense_HexTouch.a(CyFlash.o)
 .debug_info    0x0000c459      0x7a5 .\CortexM0\ARM_GCC_541\Debug\PSoC CapSense_HexTouch.a(Mux_CapSense_INT.o)

.debug_abbrev   0x00000000     0x29bb
 *(.debug_abbrev)
 .debug_abbrev  0x00000000      0x2d6 .\CortexM0\ARM_GCC_541\Debug\main.o
 .debug_abbrev  0x000002d6      0x1cf .\CortexM0\ARM_GCC_541\Debug\cyfitter_cfg.o
 .debug_abbrev  0x000004a5       0x5d .\CortexM0\ARM_GCC_541\Debug\cymetadata.o
 .debug_abbrev  0x00000502      0x1d7 .\CortexM0\ARM_GCC_541\Debug\Cm0Start.o
 .debug_abbrev  0x000006d9      0x20b .\CortexM0\ARM_GCC_541\Debug\PSoC CapSense_HexTouch.a(CyLib.o)
 .debug_abbrev  0x000008e4      0x248 .\CortexM0\ARM_GCC_541\Debug\PSoC CapSense_HexTouch.a(CyLFClk.o)
 .debug_abbrev  0x00000b2c       0xc8 .\CortexM0\ARM_GCC_541\Debug\PSoC CapSense_HexTouch.a(S3.o)
 .debug_abbrev  0x00000bf4       0xc8 .\CortexM0\ARM_GCC_541\Debug\PSoC CapSense_HexTouch.a(S2.o)
 .debug_abbrev  0x00000cbc       0xc8 .\CortexM0\ARM_GCC_541\Debug\PSoC CapSense_HexTouch.a(S1.o)
 .debug_abbrev  0x00000d84       0xc8 .\CortexM0\ARM_GCC_541\Debug\PSoC CapSense_HexTouch.a(S0.o)
 .debug_abbrev  0x00000e4c       0xc8 .\CortexM0\ARM_GCC_541\Debug\PSoC CapSense_HexTouch.a(Pin_Green.o)
 .debug_abbrev  0x00000f14       0xc8 .\CortexM0\ARM_GCC_541\Debug\PSoC CapSense_HexTouch.a(CTRL.o)
 .debug_abbrev  0x00000fdc       0xd5 .\CortexM0\ARM_GCC_541\Debug\PSoC CapSense_HexTouch.a(UART.o)
 .debug_abbrev  0x000010b1      0x14f .\CortexM0\ARM_GCC_541\Debug\PSoC CapSense_HexTouch.a(UART_SPI_UART.o)
 .debug_abbrev  0x00001200      0x132 .\CortexM0\ARM_GCC_541\Debug\PSoC CapSense_HexTouch.a(UART_UART.o)
 .debug_abbrev  0x00001332      0x1fc .\CortexM0\ARM_GCC_541\Debug\PSoC CapSense_HexTouch.a(Mux_CapSense_Control.o)
 .debug_abbrev  0x0000152e      0x20a .\CortexM0\ARM_GCC_541\Debug\PSoC CapSense_HexTouch.a(Mux_CapSense_Processing.o)
 .debug_abbrev  0x00001738      0x1e3 .\CortexM0\ARM_GCC_541\Debug\PSoC CapSense_HexTouch.a(Mux_CapSense_Structure.o)
 .debug_abbrev  0x0000191b      0x14a .\CortexM0\ARM_GCC_541\Debug\PSoC CapSense_HexTouch.a(Mux_CapSense_Tuner.o)
 .debug_abbrev  0x00001a65      0x1f3 .\CortexM0\ARM_GCC_541\Debug\PSoC CapSense_HexTouch.a(Mux_CapSense_Filter.o)
 .debug_abbrev  0x00001c58      0x20e .\CortexM0\ARM_GCC_541\Debug\PSoC CapSense_HexTouch.a(Mux_CapSense_Sensing.o)
 .debug_abbrev  0x00001e66      0x28b .\CortexM0\ARM_GCC_541\Debug\PSoC CapSense_HexTouch.a(Mux_CapSense_SensingCSD_LL.o)
 .debug_abbrev  0x000020f1      0x118 .\CortexM0\ARM_GCC_541\Debug\PSoC CapSense_HexTouch.a(EZI2C.o)
 .debug_abbrev  0x00002209      0x13a .\CortexM0\ARM_GCC_541\Debug\PSoC CapSense_HexTouch.a(EZI2C_EZI2C.o)
 .debug_abbrev  0x00002343       0xbf .\CortexM0\ARM_GCC_541\Debug\PSoC CapSense_HexTouch.a(EZI2C_EZI2C_INT.o)
 .debug_abbrev  0x00002402      0x19a .\CortexM0\ARM_GCC_541\Debug\PSoC CapSense_HexTouch.a(Mux_CapSense_ISR.o)
 .debug_abbrev  0x0000259c      0x117 .\CortexM0\ARM_GCC_541\Debug\PSoC CapSense_HexTouch.a(Counter_micros.o)
 .debug_abbrev  0x000026b3       0x14 .\CortexM0\ARM_GCC_541\Debug\PSoC CapSense_HexTouch.a(CyBootAsmGnu.o)
 .debug_abbrev  0x000026c7      0x182 .\CortexM0\ARM_GCC_541\Debug\PSoC CapSense_HexTouch.a(CyFlash.o)
 .debug_abbrev  0x00002849      0x172 .\CortexM0\ARM_GCC_541\Debug\PSoC CapSense_HexTouch.a(Mux_CapSense_INT.o)

.debug_line     0x00000000     0x3e7d
 *(.debug_line)
 .debug_line    0x00000000      0x79c .\CortexM0\ARM_GCC_541\Debug\main.o
 .debug_line    0x0000079c      0x1bc .\CortexM0\ARM_GCC_541\Debug\cyfitter_cfg.o
 .debug_line    0x00000958      0x141 .\CortexM0\ARM_GCC_541\Debug\cymetadata.o
 .debug_line    0x00000a99      0x236 .\CortexM0\ARM_GCC_541\Debug\Cm0Start.o
 .debug_line    0x00000ccf      0x563 .\CortexM0\ARM_GCC_541\Debug\PSoC CapSense_HexTouch.a(CyLib.o)
 .debug_line    0x00001232      0x5d1 .\CortexM0\ARM_GCC_541\Debug\PSoC CapSense_HexTouch.a(CyLFClk.o)
 .debug_line    0x00001803       0xb9 .\CortexM0\ARM_GCC_541\Debug\PSoC CapSense_HexTouch.a(S3.o)
 .debug_line    0x000018bc       0xba .\CortexM0\ARM_GCC_541\Debug\PSoC CapSense_HexTouch.a(S2.o)
 .debug_line    0x00001976       0xba .\CortexM0\ARM_GCC_541\Debug\PSoC CapSense_HexTouch.a(S1.o)
 .debug_line    0x00001a30       0xba .\CortexM0\ARM_GCC_541\Debug\PSoC CapSense_HexTouch.a(S0.o)
 .debug_line    0x00001aea       0xc1 .\CortexM0\ARM_GCC_541\Debug\PSoC CapSense_HexTouch.a(Pin_Green.o)
 .debug_line    0x00001bab       0xbc .\CortexM0\ARM_GCC_541\Debug\PSoC CapSense_HexTouch.a(CTRL.o)
 .debug_line    0x00001c67      0x108 .\CortexM0\ARM_GCC_541\Debug\PSoC CapSense_HexTouch.a(UART.o)
 .debug_line    0x00001d6f      0x11a .\CortexM0\ARM_GCC_541\Debug\PSoC CapSense_HexTouch.a(UART_SPI_UART.o)
 .debug_line    0x00001e89      0x1cf .\CortexM0\ARM_GCC_541\Debug\PSoC CapSense_HexTouch.a(UART_UART.o)
 .debug_line    0x00002058      0x22e .\CortexM0\ARM_GCC_541\Debug\PSoC CapSense_HexTouch.a(Mux_CapSense_Control.o)
 .debug_line    0x00002286      0x335 .\CortexM0\ARM_GCC_541\Debug\PSoC CapSense_HexTouch.a(Mux_CapSense_Processing.o)
 .debug_line    0x000025bb      0x1f7 .\CortexM0\ARM_GCC_541\Debug\PSoC CapSense_HexTouch.a(Mux_CapSense_Structure.o)
 .debug_line    0x000027b2      0x130 .\CortexM0\ARM_GCC_541\Debug\PSoC CapSense_HexTouch.a(Mux_CapSense_Tuner.o)
 .debug_line    0x000028e2      0x1ca .\CortexM0\ARM_GCC_541\Debug\PSoC CapSense_HexTouch.a(Mux_CapSense_Filter.o)
 .debug_line    0x00002aac      0x589 .\CortexM0\ARM_GCC_541\Debug\PSoC CapSense_HexTouch.a(Mux_CapSense_Sensing.o)
 .debug_line    0x00003035      0x4d5 .\CortexM0\ARM_GCC_541\Debug\PSoC CapSense_HexTouch.a(Mux_CapSense_SensingCSD_LL.o)
 .debug_line    0x0000350a      0x128 .\CortexM0\ARM_GCC_541\Debug\PSoC CapSense_HexTouch.a(EZI2C.o)
 .debug_line    0x00003632      0x103 .\CortexM0\ARM_GCC_541\Debug\PSoC CapSense_HexTouch.a(EZI2C_EZI2C.o)
 .debug_line    0x00003735      0x13a .\CortexM0\ARM_GCC_541\Debug\PSoC CapSense_HexTouch.a(EZI2C_EZI2C_INT.o)
 .debug_line    0x0000386f      0x15c .\CortexM0\ARM_GCC_541\Debug\PSoC CapSense_HexTouch.a(Mux_CapSense_ISR.o)
 .debug_line    0x000039cb      0x197 .\CortexM0\ARM_GCC_541\Debug\PSoC CapSense_HexTouch.a(Counter_micros.o)
 .debug_line    0x00003b62       0x68 .\CortexM0\ARM_GCC_541\Debug\PSoC CapSense_HexTouch.a(CyBootAsmGnu.o)
 .debug_line    0x00003bca      0x173 .\CortexM0\ARM_GCC_541\Debug\PSoC CapSense_HexTouch.a(CyFlash.o)
 .debug_line    0x00003d3d      0x140 .\CortexM0\ARM_GCC_541\Debug\PSoC CapSense_HexTouch.a(Mux_CapSense_INT.o)

.debug_frame    0x00000000     0x2f70
 *(.debug_frame)
 .debug_frame   0x00000000      0x428 .\CortexM0\ARM_GCC_541\Debug\main.o
 .debug_frame   0x00000428       0xb4 .\CortexM0\ARM_GCC_541\Debug\cyfitter_cfg.o
 .debug_frame   0x000004dc       0xbc .\CortexM0\ARM_GCC_541\Debug\Cm0Start.o
 .debug_frame   0x00000598      0x48c .\CortexM0\ARM_GCC_541\Debug\PSoC CapSense_HexTouch.a(CyLib.o)
 .debug_frame   0x00000a24      0x4a4 .\CortexM0\ARM_GCC_541\Debug\PSoC CapSense_HexTouch.a(CyLFClk.o)
 .debug_frame   0x00000ec8       0x70 .\CortexM0\ARM_GCC_541\Debug\PSoC CapSense_HexTouch.a(S3.o)
 .debug_frame   0x00000f38       0x70 .\CortexM0\ARM_GCC_541\Debug\PSoC CapSense_HexTouch.a(S2.o)
 .debug_frame   0x00000fa8       0x70 .\CortexM0\ARM_GCC_541\Debug\PSoC CapSense_HexTouch.a(S1.o)
 .debug_frame   0x00001018       0x70 .\CortexM0\ARM_GCC_541\Debug\PSoC CapSense_HexTouch.a(S0.o)
 .debug_frame   0x00001088       0x70 .\CortexM0\ARM_GCC_541\Debug\PSoC CapSense_HexTouch.a(Pin_Green.o)
 .debug_frame   0x000010f8       0x70 .\CortexM0\ARM_GCC_541\Debug\PSoC CapSense_HexTouch.a(CTRL.o)
 .debug_frame   0x00001168       0xd8 .\CortexM0\ARM_GCC_541\Debug\PSoC CapSense_HexTouch.a(UART.o)
 .debug_frame   0x00001240       0xb0 .\CortexM0\ARM_GCC_541\Debug\PSoC CapSense_HexTouch.a(UART_SPI_UART.o)
 .debug_frame   0x000012f0      0x144 .\CortexM0\ARM_GCC_541\Debug\PSoC CapSense_HexTouch.a(UART_UART.o)
 .debug_frame   0x00001434      0x11c .\CortexM0\ARM_GCC_541\Debug\PSoC CapSense_HexTouch.a(Mux_CapSense_Control.o)
 .debug_frame   0x00001550       0xf0 .\CortexM0\ARM_GCC_541\Debug\PSoC CapSense_HexTouch.a(Mux_CapSense_Processing.o)
 .debug_frame   0x00001640       0xd0 .\CortexM0\ARM_GCC_541\Debug\PSoC CapSense_HexTouch.a(Mux_CapSense_Structure.o)
 .debug_frame   0x00001710       0x40 .\CortexM0\ARM_GCC_541\Debug\PSoC CapSense_HexTouch.a(Mux_CapSense_Tuner.o)
 .debug_frame   0x00001750      0x140 .\CortexM0\ARM_GCC_541\Debug\PSoC CapSense_HexTouch.a(Mux_CapSense_Filter.o)
 .debug_frame   0x00001890      0x318 .\CortexM0\ARM_GCC_541\Debug\PSoC CapSense_HexTouch.a(Mux_CapSense_Sensing.o)
 .debug_frame   0x00001ba8      0x2c8 .\CortexM0\ARM_GCC_541\Debug\PSoC CapSense_HexTouch.a(Mux_CapSense_SensingCSD_LL.o)
 .debug_frame   0x00001e70       0xe8 .\CortexM0\ARM_GCC_541\Debug\PSoC CapSense_HexTouch.a(EZI2C.o)
 .debug_frame   0x00001f58       0xa8 .\CortexM0\ARM_GCC_541\Debug\PSoC CapSense_HexTouch.a(EZI2C_EZI2C.o)
 .debug_frame   0x00002000       0x30 .\CortexM0\ARM_GCC_541\Debug\PSoC CapSense_HexTouch.a(EZI2C_EZI2C_INT.o)
 .debug_frame   0x00002030      0x110 .\CortexM0\ARM_GCC_541\Debug\PSoC CapSense_HexTouch.a(Mux_CapSense_ISR.o)
 .debug_frame   0x00002140      0x134 .\CortexM0\ARM_GCC_541\Debug\PSoC CapSense_HexTouch.a(Counter_micros.o)
 .debug_frame   0x00002274       0x90 .\CortexM0\ARM_GCC_541\Debug\PSoC CapSense_HexTouch.a(CyFlash.o)
 .debug_frame   0x00002304       0x78 .\CortexM0\ARM_GCC_541\Debug\PSoC CapSense_HexTouch.a(Mux_CapSense_INT.o)
 .debug_frame   0x0000237c       0x20 c:/program files (x86)/cypress/psoc creator/4.4/psoc creator/import/gnu/arm/5.4.1/bin/../lib/gcc/arm-none-eabi/5.4.1/armv6-m\libgcc.a(_udivsi3.o)
 .debug_frame   0x0000239c       0x20 c:/program files (x86)/cypress/psoc creator/4.4/psoc creator/import/gnu/arm/5.4.1/bin/../lib/gcc/arm-none-eabi/5.4.1/armv6-m\libgcc.a(_divsi3.o)
 .debug_frame   0x000023bc       0x2c c:/program files (x86)/cypress/psoc creator/4.4/psoc creator/import/gnu/arm/5.4.1/bin/../lib/gcc/arm-none-eabi/5.4.1/armv6-m\libgcc.a(fixdfsi.o)
 .debug_frame   0x000023e8       0x28 c:/program files (x86)/cypress/psoc creator/4.4/psoc creator/import/gnu/arm/5.4.1/bin/../lib/gcc/arm-none-eabi/5.4.1/../../../../arm-none-eabi/lib/armv6-m\libg_nano.a(lib_a-atof.o)
 .debug_frame   0x00002410       0x40 c:/program files (x86)/cypress/psoc creator/4.4/psoc creator/import/gnu/arm/5.4.1/bin/../lib/gcc/arm-none-eabi/5.4.1/../../../../arm-none-eabi/lib/armv6-m\libg_nano.a(lib_a-atoi.o)
 .debug_frame   0x00002450       0x20 c:/program files (x86)/cypress/psoc creator/4.4/psoc creator/import/gnu/arm/5.4.1/bin/../lib/gcc/arm-none-eabi/5.4.1/../../../../arm-none-eabi/lib/armv6-m\libg_nano.a(lib_a-errno.o)
 .debug_frame   0x00002470       0x28 c:/program files (x86)/cypress/psoc creator/4.4/psoc creator/import/gnu/arm/5.4.1/bin/../lib/gcc/arm-none-eabi/5.4.1/../../../../arm-none-eabi/lib/armv6-m\libg_nano.a(lib_a-exit.o)
 .debug_frame   0x00002498       0x2c c:/program files (x86)/cypress/psoc creator/4.4/psoc creator/import/gnu/arm/5.4.1/bin/../lib/gcc/arm-none-eabi/5.4.1/../../../../arm-none-eabi/lib/armv6-m\libg_nano.a(lib_a-init.o)
 .debug_frame   0x000024c4       0x28 c:/program files (x86)/cypress/psoc creator/4.4/psoc creator/import/gnu/arm/5.4.1/bin/../lib/gcc/arm-none-eabi/5.4.1/../../../../arm-none-eabi/lib/armv6-m\libg_nano.a(lib_a-memcpy-stub.o)
 .debug_frame   0x000024ec       0x20 c:/program files (x86)/cypress/psoc creator/4.4/psoc creator/import/gnu/arm/5.4.1/bin/../lib/gcc/arm-none-eabi/5.4.1/../../../../arm-none-eabi/lib/armv6-m\libg_nano.a(lib_a-memset.o)
 .debug_frame   0x0000250c       0x50 c:/program files (x86)/cypress/psoc creator/4.4/psoc creator/import/gnu/arm/5.4.1/bin/../lib/gcc/arm-none-eabi/5.4.1/../../../../arm-none-eabi/lib/armv6-m\libg_nano.a(lib_a-sprintf.o)
 .debug_frame   0x0000255c       0x20 c:/program files (x86)/cypress/psoc creator/4.4/psoc creator/import/gnu/arm/5.4.1/bin/../lib/gcc/arm-none-eabi/5.4.1/../../../../arm-none-eabi/lib/armv6-m\libg_nano.a(lib_a-strcmp.o)
 .debug_frame   0x0000257c       0x2c c:/program files (x86)/cypress/psoc creator/4.4/psoc creator/import/gnu/arm/5.4.1/bin/../lib/gcc/arm-none-eabi/5.4.1/../../../../arm-none-eabi/lib/armv6-m\libg_nano.a(lib_a-strncmp.o)
 .debug_frame   0x000025a8       0x84 c:/program files (x86)/cypress/psoc creator/4.4/psoc creator/import/gnu/arm/5.4.1/bin/../lib/gcc/arm-none-eabi/5.4.1/../../../../arm-none-eabi/lib/armv6-m\libg_nano.a(lib_a-strtod.o)
 .debug_frame   0x0000262c       0x48 c:/program files (x86)/cypress/psoc creator/4.4/psoc creator/import/gnu/arm/5.4.1/bin/../lib/gcc/arm-none-eabi/5.4.1/../../../../arm-none-eabi/lib/armv6-m\libg_nano.a(lib_a-strtol.o)
 .debug_frame   0x00002674       0x60 c:/program files (x86)/cypress/psoc creator/4.4/psoc creator/import/gnu/arm/5.4.1/bin/../lib/gcc/arm-none-eabi/5.4.1/../../../../arm-none-eabi/lib/armv6-m\libg_nano.a(lib_a-gdtoa-gethex.o)
 .debug_frame   0x000026d4       0x68 c:/program files (x86)/cypress/psoc creator/4.4/psoc creator/import/gnu/arm/5.4.1/bin/../lib/gcc/arm-none-eabi/5.4.1/../../../../arm-none-eabi/lib/armv6-m\libg_nano.a(lib_a-gdtoa-hexnan.o)
 .debug_frame   0x0000273c       0xa4 c:/program files (x86)/cypress/psoc creator/4.4/psoc creator/import/gnu/arm/5.4.1/bin/../lib/gcc/arm-none-eabi/5.4.1/../../../../arm-none-eabi/lib/armv6-m\libg_nano.a(lib_a-locale.o)
 .debug_frame   0x000027e0      0x238 c:/program files (x86)/cypress/psoc creator/4.4/psoc creator/import/gnu/arm/5.4.1/bin/../lib/gcc/arm-none-eabi/5.4.1/../../../../arm-none-eabi/lib/armv6-m\libg_nano.a(lib_a-mprec.o)
 .debug_frame   0x00002a18       0x2c c:/program files (x86)/cypress/psoc creator/4.4/psoc creator/import/gnu/arm/5.4.1/bin/../lib/gcc/arm-none-eabi/5.4.1/../../../../arm-none-eabi/lib/armv6-m\libg_nano.a(lib_a-nano-callocr.o)
 .debug_frame   0x00002a44       0x2c c:/program files (x86)/cypress/psoc creator/4.4/psoc creator/import/gnu/arm/5.4.1/bin/../lib/gcc/arm-none-eabi/5.4.1/../../../../arm-none-eabi/lib/armv6-m\libg_nano.a(lib_a-nano-mallocr.o)
 .debug_frame   0x00002a70       0x74 c:/program files (x86)/cypress/psoc creator/4.4/psoc creator/import/gnu/arm/5.4.1/bin/../lib/gcc/arm-none-eabi/5.4.1/../../../../arm-none-eabi/lib/armv6-m\libg_nano.a(lib_a-nano-svfprintf.o)
 .debug_frame   0x00002ae4       0x54 c:/program files (x86)/cypress/psoc creator/4.4/psoc creator/import/gnu/arm/5.4.1/bin/../lib/gcc/arm-none-eabi/5.4.1/../../../../arm-none-eabi/lib/armv6-m\libg_nano.a(lib_a-nano-vfprintf_i.o)
 .debug_frame   0x00002b38       0x2c c:/program files (x86)/cypress/psoc creator/4.4/psoc creator/import/gnu/arm/5.4.1/bin/../lib/gcc/arm-none-eabi/5.4.1/../../../../arm-none-eabi/lib/armv6-m\libg_nano.a(lib_a-sbrkr.o)
 .debug_frame   0x00002b64       0x20 c:/program files (x86)/cypress/psoc creator/4.4/psoc creator/import/gnu/arm/5.4.1/bin/../lib/gcc/arm-none-eabi/5.4.1/../../../../arm-none-eabi/lib/armv6-m\libg_nano.a(lib_a-sf_nan.o)
 .debug_frame   0x00002b84       0x40 c:/program files (x86)/cypress/psoc creator/4.4/psoc creator/import/gnu/arm/5.4.1/bin/../lib/gcc/arm-none-eabi/5.4.1/../../../../arm-none-eabi/lib/armv6-m\libg_nano.a(lib_a-malloc.o)
 .debug_frame   0x00002bc4       0x20 c:/program files (x86)/cypress/psoc creator/4.4/psoc creator/import/gnu/arm/5.4.1/bin/../lib/gcc/arm-none-eabi/5.4.1/../../../../arm-none-eabi/lib/armv6-m\libg_nano.a(lib_a-memchr-stub.o)
 .debug_frame   0x00002be4       0x28 c:/program files (x86)/cypress/psoc creator/4.4/psoc creator/import/gnu/arm/5.4.1/bin/../lib/gcc/arm-none-eabi/5.4.1/../../../../arm-none-eabi/lib/armv6-m\libg_nano.a(lib_a-memmove.o)
 .debug_frame   0x00002c0c       0x30 c:/program files (x86)/cypress/psoc creator/4.4/psoc creator/import/gnu/arm/5.4.1/bin/../lib/gcc/arm-none-eabi/5.4.1/../../../../arm-none-eabi/lib/armv6-m\libg_nano.a(lib_a-mlock.o)
 .debug_frame   0x00002c3c       0x2c c:/program files (x86)/cypress/psoc creator/4.4/psoc creator/import/gnu/arm/5.4.1/bin/../lib/gcc/arm-none-eabi/5.4.1/../../../../arm-none-eabi/lib/armv6-m\libg_nano.a(lib_a-nano-freer.o)
 .debug_frame   0x00002c68       0x30 c:/program files (x86)/cypress/psoc creator/4.4/psoc creator/import/gnu/arm/5.4.1/bin/../lib/gcc/arm-none-eabi/5.4.1/../../../../arm-none-eabi/lib/armv6-m\libg_nano.a(lib_a-nano-reallocr.o)
 .debug_frame   0x00002c98       0x48 c:/program files (x86)/cypress/psoc creator/4.4/psoc creator/import/gnu/arm/5.4.1/bin/../lib/gcc/arm-none-eabi/5.4.1/../../../../arm-none-eabi/lib/armv6-m\libg_nano.a(lib_a-reent.o)
 .debug_frame   0x00002ce0       0x20 c:/program files (x86)/cypress/psoc creator/4.4/psoc creator/import/gnu/arm/5.4.1/bin/../lib/gcc/arm-none-eabi/5.4.1/../../../../arm-none-eabi/lib/armv6-m\libg_nano.a(lib_a-nano-msizer.o)
 .debug_frame   0x00002d00       0x2c c:/program files (x86)/cypress/psoc creator/4.4/psoc creator/import/gnu/arm/5.4.1/bin/../lib/gcc/arm-none-eabi/5.4.1/armv6-m\libgcc.a(_fixunsdfsi.o)
 .debug_frame   0x00002d2c       0x3c c:/program files (x86)/cypress/psoc creator/4.4/psoc creator/import/gnu/arm/5.4.1/bin/../lib/gcc/arm-none-eabi/5.4.1/armv6-m\libgcc.a(adddf3.o)
 .debug_frame   0x00002d68       0x3c c:/program files (x86)/cypress/psoc creator/4.4/psoc creator/import/gnu/arm/5.4.1/bin/../lib/gcc/arm-none-eabi/5.4.1/armv6-m\libgcc.a(divdf3.o)
 .debug_frame   0x00002da4       0x38 c:/program files (x86)/cypress/psoc creator/4.4/psoc creator/import/gnu/arm/5.4.1/bin/../lib/gcc/arm-none-eabi/5.4.1/armv6-m\libgcc.a(eqdf2.o)
 .debug_frame   0x00002ddc       0x38 c:/program files (x86)/cypress/psoc creator/4.4/psoc creator/import/gnu/arm/5.4.1/bin/../lib/gcc/arm-none-eabi/5.4.1/armv6-m\libgcc.a(gedf2.o)
 .debug_frame   0x00002e14       0x38 c:/program files (x86)/cypress/psoc creator/4.4/psoc creator/import/gnu/arm/5.4.1/bin/../lib/gcc/arm-none-eabi/5.4.1/armv6-m\libgcc.a(ledf2.o)
 .debug_frame   0x00002e4c       0x3c c:/program files (x86)/cypress/psoc creator/4.4/psoc creator/import/gnu/arm/5.4.1/bin/../lib/gcc/arm-none-eabi/5.4.1/armv6-m\libgcc.a(muldf3.o)
 .debug_frame   0x00002e88       0x38 c:/program files (x86)/cypress/psoc creator/4.4/psoc creator/import/gnu/arm/5.4.1/bin/../lib/gcc/arm-none-eabi/5.4.1/armv6-m\libgcc.a(subdf3.o)
 .debug_frame   0x00002ec0       0x2c c:/program files (x86)/cypress/psoc creator/4.4/psoc creator/import/gnu/arm/5.4.1/bin/../lib/gcc/arm-none-eabi/5.4.1/armv6-m\libgcc.a(unorddf2.o)
 .debug_frame   0x00002eec       0x2c c:/program files (x86)/cypress/psoc creator/4.4/psoc creator/import/gnu/arm/5.4.1/bin/../lib/gcc/arm-none-eabi/5.4.1/armv6-m\libgcc.a(floatsidf.o)
 .debug_frame   0x00002f18       0x2c c:/program files (x86)/cypress/psoc creator/4.4/psoc creator/import/gnu/arm/5.4.1/bin/../lib/gcc/arm-none-eabi/5.4.1/armv6-m\libgcc.a(floatunsidf.o)
 .debug_frame   0x00002f44       0x2c c:/program files (x86)/cypress/psoc creator/4.4/psoc creator/import/gnu/arm/5.4.1/bin/../lib/gcc/arm-none-eabi/5.4.1/armv6-m\libgcc.a(truncdfsf2.o)

.debug_str      0x00000000     0x3cb7
 *(.debug_str)
 .debug_str     0x00000000      0x88f .\CortexM0\ARM_GCC_541\Debug\main.o
                                0x909 (size before relaxing)
 .debug_str     0x0000088f      0x13e .\CortexM0\ARM_GCC_541\Debug\cyfitter_cfg.o
                                0x329 (size before relaxing)
 .debug_str     0x000009cd       0x59 .\CortexM0\ARM_GCC_541\Debug\cymetadata.o
                                0x1f4 (size before relaxing)
 .debug_str     0x00000a26      0x135 .\CortexM0\ARM_GCC_541\Debug\Cm0Start.o
                                0x32d (size before relaxing)
 .debug_str     0x00000b5b      0x5f5 .\CortexM0\ARM_GCC_541\Debug\PSoC CapSense_HexTouch.a(CyLib.o)
                                0x829 (size before relaxing)
 .debug_str     0x00001150      0x6e1 .\CortexM0\ARM_GCC_541\Debug\PSoC CapSense_HexTouch.a(CyLFClk.o)
                                0x949 (size before relaxing)
 .debug_str     0x00001831       0x8d .\CortexM0\ARM_GCC_541\Debug\PSoC CapSense_HexTouch.a(S3.o)
                                0x24d (size before relaxing)
 .debug_str     0x000018be       0x69 .\CortexM0\ARM_GCC_541\Debug\PSoC CapSense_HexTouch.a(S2.o)
                                0x24d (size before relaxing)
 .debug_str     0x00001927       0x69 .\CortexM0\ARM_GCC_541\Debug\PSoC CapSense_HexTouch.a(S1.o)
                                0x24d (size before relaxing)
 .debug_str     0x00001990       0x69 .\CortexM0\ARM_GCC_541\Debug\PSoC CapSense_HexTouch.a(S0.o)
                                0x24d (size before relaxing)
 .debug_str     0x000019f9       0x93 .\CortexM0\ARM_GCC_541\Debug\PSoC CapSense_HexTouch.a(Pin_Green.o)
                                0x27e (size before relaxing)
 .debug_str     0x00001a8c       0x75 .\CortexM0\ARM_GCC_541\Debug\PSoC CapSense_HexTouch.a(CTRL.o)
                                0x25b (size before relaxing)
 .debug_str     0x00001b01       0xf7 .\CortexM0\ARM_GCC_541\Debug\PSoC CapSense_HexTouch.a(UART.o)
                                0x2c3 (size before relaxing)
 .debug_str     0x00001bf8       0x9a .\CortexM0\ARM_GCC_541\Debug\PSoC CapSense_HexTouch.a(UART_SPI_UART.o)
                                0x2fa (size before relaxing)
 .debug_str     0x00001c92      0x186 .\CortexM0\ARM_GCC_541\Debug\PSoC CapSense_HexTouch.a(UART_UART.o)
                                0x3f4 (size before relaxing)
 .debug_str     0x00001e18      0x579 .\CortexM0\ARM_GCC_541\Debug\PSoC CapSense_HexTouch.a(Mux_CapSense_Control.o)
                                0xa51 (size before relaxing)
 .debug_str     0x00002391      0x189 .\CortexM0\ARM_GCC_541\Debug\PSoC CapSense_HexTouch.a(Mux_CapSense_Processing.o)
                                0x9b1 (size before relaxing)
 .debug_str     0x0000251a      0x1f8 .\CortexM0\ARM_GCC_541\Debug\PSoC CapSense_HexTouch.a(Mux_CapSense_Structure.o)
                                0x966 (size before relaxing)
 .debug_str     0x00002712      0x147 .\CortexM0\ARM_GCC_541\Debug\PSoC CapSense_HexTouch.a(Mux_CapSense_Tuner.o)
                                0x70f (size before relaxing)
 .debug_str     0x00002859      0x1de .\CortexM0\ARM_GCC_541\Debug\PSoC CapSense_HexTouch.a(Mux_CapSense_Filter.o)
                                0x706 (size before relaxing)
 .debug_str     0x00002a37      0x724 .\CortexM0\ARM_GCC_541\Debug\PSoC CapSense_HexTouch.a(Mux_CapSense_Sensing.o)
                                0xf86 (size before relaxing)
 .debug_str     0x0000315b      0x3f0 .\CortexM0\ARM_GCC_541\Debug\PSoC CapSense_HexTouch.a(Mux_CapSense_SensingCSD_LL.o)
                                0xe49 (size before relaxing)
 .debug_str     0x0000354b       0xfd .\CortexM0\ARM_GCC_541\Debug\PSoC CapSense_HexTouch.a(EZI2C.o)
                                0x30a (size before relaxing)
 .debug_str     0x00003648      0x115 .\CortexM0\ARM_GCC_541\Debug\PSoC CapSense_HexTouch.a(EZI2C_EZI2C.o)
                                0x364 (size before relaxing)
 .debug_str     0x0000375d       0x97 .\CortexM0\ARM_GCC_541\Debug\PSoC CapSense_HexTouch.a(EZI2C_EZI2C_INT.o)
                                0x2fa (size before relaxing)
 .debug_str     0x000037f4      0x176 .\CortexM0\ARM_GCC_541\Debug\PSoC CapSense_HexTouch.a(Mux_CapSense_ISR.o)
                                0x3b0 (size before relaxing)
 .debug_str     0x0000396a      0x20c .\CortexM0\ARM_GCC_541\Debug\PSoC CapSense_HexTouch.a(Counter_micros.o)
                                0x42f (size before relaxing)
 .debug_str     0x00003b76       0xa0 .\CortexM0\ARM_GCC_541\Debug\PSoC CapSense_HexTouch.a(CyFlash.o)
                                0x2dc (size before relaxing)
 .debug_str     0x00003c16       0xa1 .\CortexM0\ARM_GCC_541\Debug\PSoC CapSense_HexTouch.a(Mux_CapSense_INT.o)
                                0x7c4 (size before relaxing)

.debug_loc      0x00000000     0x64b2
 *(.debug_loc)
 .debug_loc     0x00000000     0x125a .\CortexM0\ARM_GCC_541\Debug\main.o
 .debug_loc     0x0000125a      0x14d .\CortexM0\ARM_GCC_541\Debug\cyfitter_cfg.o
 .debug_loc     0x000013a7      0x14f .\CortexM0\ARM_GCC_541\Debug\Cm0Start.o
 .debug_loc     0x000014f6      0x81c .\CortexM0\ARM_GCC_541\Debug\PSoC CapSense_HexTouch.a(CyLib.o)
 .debug_loc     0x00001d12      0xdb7 .\CortexM0\ARM_GCC_541\Debug\PSoC CapSense_HexTouch.a(CyLFClk.o)
 .debug_loc     0x00002ac9       0x81 .\CortexM0\ARM_GCC_541\Debug\PSoC CapSense_HexTouch.a(S3.o)
 .debug_loc     0x00002b4a       0xa2 .\CortexM0\ARM_GCC_541\Debug\PSoC CapSense_HexTouch.a(S2.o)
 .debug_loc     0x00002bec       0xa2 .\CortexM0\ARM_GCC_541\Debug\PSoC CapSense_HexTouch.a(S1.o)
 .debug_loc     0x00002c8e       0xa2 .\CortexM0\ARM_GCC_541\Debug\PSoC CapSense_HexTouch.a(S0.o)
 .debug_loc     0x00002d30       0xa2 .\CortexM0\ARM_GCC_541\Debug\PSoC CapSense_HexTouch.a(Pin_Green.o)
 .debug_loc     0x00002dd2       0xa2 .\CortexM0\ARM_GCC_541\Debug\PSoC CapSense_HexTouch.a(CTRL.o)
 .debug_loc     0x00002e74       0x7e .\CortexM0\ARM_GCC_541\Debug\PSoC CapSense_HexTouch.a(UART.o)
 .debug_loc     0x00002ef2       0x96 .\CortexM0\ARM_GCC_541\Debug\PSoC CapSense_HexTouch.a(UART_SPI_UART.o)
 .debug_loc     0x00002f88      0x223 .\CortexM0\ARM_GCC_541\Debug\PSoC CapSense_HexTouch.a(UART_UART.o)
 .debug_loc     0x000031ab      0x419 .\CortexM0\ARM_GCC_541\Debug\PSoC CapSense_HexTouch.a(Mux_CapSense_Control.o)
 .debug_loc     0x000035c4      0x70a .\CortexM0\ARM_GCC_541\Debug\PSoC CapSense_HexTouch.a(Mux_CapSense_Processing.o)
 .debug_loc     0x00003cce      0x4a8 .\CortexM0\ARM_GCC_541\Debug\PSoC CapSense_HexTouch.a(Mux_CapSense_Structure.o)
 .debug_loc     0x00004176      0x176 .\CortexM0\ARM_GCC_541\Debug\PSoC CapSense_HexTouch.a(Mux_CapSense_Tuner.o)
 .debug_loc     0x000042ec      0x5da .\CortexM0\ARM_GCC_541\Debug\PSoC CapSense_HexTouch.a(Mux_CapSense_Filter.o)
 .debug_loc     0x000048c6      0x7ec .\CortexM0\ARM_GCC_541\Debug\PSoC CapSense_HexTouch.a(Mux_CapSense_Sensing.o)
 .debug_loc     0x000050b2      0xf1f .\CortexM0\ARM_GCC_541\Debug\PSoC CapSense_HexTouch.a(Mux_CapSense_SensingCSD_LL.o)
 .debug_loc     0x00005fd1       0x7e .\CortexM0\ARM_GCC_541\Debug\PSoC CapSense_HexTouch.a(EZI2C.o)
 .debug_loc     0x0000604f       0xec .\CortexM0\ARM_GCC_541\Debug\PSoC CapSense_HexTouch.a(EZI2C_EZI2C.o)
 .debug_loc     0x0000613b      0x132 .\CortexM0\ARM_GCC_541\Debug\PSoC CapSense_HexTouch.a(EZI2C_EZI2C_INT.o)
 .debug_loc     0x0000626d       0x82 .\CortexM0\ARM_GCC_541\Debug\PSoC CapSense_HexTouch.a(Mux_CapSense_ISR.o)
 .debug_loc     0x000062ef       0x3d .\CortexM0\ARM_GCC_541\Debug\PSoC CapSense_HexTouch.a(Counter_micros.o)
 .debug_loc     0x0000632c      0x160 .\CortexM0\ARM_GCC_541\Debug\PSoC CapSense_HexTouch.a(CyFlash.o)
 .debug_loc     0x0000648c       0x26 .\CortexM0\ARM_GCC_541\Debug\PSoC CapSense_HexTouch.a(Mux_CapSense_INT.o)

.debug_macinfo
 *(.debug_macinfo)

.debug_ranges   0x00000000      0xbd0
 *(.debug_ranges)
 .debug_ranges  0x00000000       0xf0 .\CortexM0\ARM_GCC_541\Debug\main.o
 .debug_ranges  0x000000f0       0x38 .\CortexM0\ARM_GCC_541\Debug\cyfitter_cfg.o
 .debug_ranges  0x00000128       0x38 .\CortexM0\ARM_GCC_541\Debug\Cm0Start.o
 .debug_ranges  0x00000160      0x1b8 .\CortexM0\ARM_GCC_541\Debug\PSoC CapSense_HexTouch.a(CyLib.o)
 .debug_ranges  0x00000318      0x178 .\CortexM0\ARM_GCC_541\Debug\PSoC CapSense_HexTouch.a(CyLFClk.o)
 .debug_ranges  0x00000490       0x38 .\CortexM0\ARM_GCC_541\Debug\PSoC CapSense_HexTouch.a(S3.o)
 .debug_ranges  0x000004c8       0x38 .\CortexM0\ARM_GCC_541\Debug\PSoC CapSense_HexTouch.a(S2.o)
 .debug_ranges  0x00000500       0x38 .\CortexM0\ARM_GCC_541\Debug\PSoC CapSense_HexTouch.a(S1.o)
 .debug_ranges  0x00000538       0x38 .\CortexM0\ARM_GCC_541\Debug\PSoC CapSense_HexTouch.a(S0.o)
 .debug_ranges  0x00000570       0x38 .\CortexM0\ARM_GCC_541\Debug\PSoC CapSense_HexTouch.a(Pin_Green.o)
 .debug_ranges  0x000005a8       0x38 .\CortexM0\ARM_GCC_541\Debug\PSoC CapSense_HexTouch.a(CTRL.o)
 .debug_ranges  0x000005e0       0x48 .\CortexM0\ARM_GCC_541\Debug\PSoC CapSense_HexTouch.a(UART.o)
 .debug_ranges  0x00000628       0x50 .\CortexM0\ARM_GCC_541\Debug\PSoC CapSense_HexTouch.a(UART_SPI_UART.o)
 .debug_ranges  0x00000678       0x80 .\CortexM0\ARM_GCC_541\Debug\PSoC CapSense_HexTouch.a(UART_UART.o)
 .debug_ranges  0x000006f8       0x58 .\CortexM0\ARM_GCC_541\Debug\PSoC CapSense_HexTouch.a(Mux_CapSense_Control.o)
 .debug_ranges  0x00000750       0x38 .\CortexM0\ARM_GCC_541\Debug\PSoC CapSense_HexTouch.a(Mux_CapSense_Processing.o)
 .debug_ranges  0x00000788       0x48 .\CortexM0\ARM_GCC_541\Debug\PSoC CapSense_HexTouch.a(Mux_CapSense_Structure.o)
 .debug_ranges  0x000007d0       0x18 .\CortexM0\ARM_GCC_541\Debug\PSoC CapSense_HexTouch.a(Mux_CapSense_Tuner.o)
 .debug_ranges  0x000007e8       0x60 .\CortexM0\ARM_GCC_541\Debug\PSoC CapSense_HexTouch.a(Mux_CapSense_Filter.o)
 .debug_ranges  0x00000848       0xe8 .\CortexM0\ARM_GCC_541\Debug\PSoC CapSense_HexTouch.a(Mux_CapSense_Sensing.o)
 .debug_ranges  0x00000930       0xb0 .\CortexM0\ARM_GCC_541\Debug\PSoC CapSense_HexTouch.a(Mux_CapSense_SensingCSD_LL.o)
 .debug_ranges  0x000009e0       0x50 .\CortexM0\ARM_GCC_541\Debug\PSoC CapSense_HexTouch.a(EZI2C.o)
 .debug_ranges  0x00000a30       0x40 .\CortexM0\ARM_GCC_541\Debug\PSoC CapSense_HexTouch.a(EZI2C_EZI2C.o)
 .debug_ranges  0x00000a70       0x10 .\CortexM0\ARM_GCC_541\Debug\PSoC CapSense_HexTouch.a(EZI2C_EZI2C_INT.o)
 .debug_ranges  0x00000a80       0x70 .\CortexM0\ARM_GCC_541\Debug\PSoC CapSense_HexTouch.a(Mux_CapSense_ISR.o)
 .debug_ranges  0x00000af0       0x88 .\CortexM0\ARM_GCC_541\Debug\PSoC CapSense_HexTouch.a(Counter_micros.o)
 .debug_ranges  0x00000b78       0x30 .\CortexM0\ARM_GCC_541\Debug\PSoC CapSense_HexTouch.a(CyFlash.o)
 .debug_ranges  0x00000ba8       0x28 .\CortexM0\ARM_GCC_541\Debug\PSoC CapSense_HexTouch.a(Mux_CapSense_INT.o)

.comment        0x00000000       0x6e
 .comment       0x00000000       0x6e .\CortexM0\ARM_GCC_541\Debug\main.o
                                 0x6f (size before relaxing)